Archive member included because of file (symbol)

/home/niklas/Downloads/gcc-arm-none-eabi-4_8-2014q3/bin/../lib/gcc/arm-none-eabi/4.8.4/../../../../arm-none-eabi/lib/armv7e-m/fpu/libc_s.a(lib_a-errno.o)
                              build/syscalls.o (__errno)
/home/niklas/Downloads/gcc-arm-none-eabi-4_8-2014q3/bin/../lib/gcc/arm-none-eabi/4.8.4/../../../../arm-none-eabi/lib/armv7e-m/fpu/libc_s.a(lib_a-exit.o)
                              /home/niklas/Downloads/gcc-arm-none-eabi-4_8-2014q3/bin/../lib/gcc/arm-none-eabi/4.8.4/../../../../arm-none-eabi/lib/armv7e-m/fpu/crt0.o (exit)
/home/niklas/Downloads/gcc-arm-none-eabi-4_8-2014q3/bin/../lib/gcc/arm-none-eabi/4.8.4/../../../../arm-none-eabi/lib/armv7e-m/fpu/libc_s.a(lib_a-impure.o)
                              /home/niklas/Downloads/gcc-arm-none-eabi-4_8-2014q3/bin/../lib/gcc/arm-none-eabi/4.8.4/../../../../arm-none-eabi/lib/armv7e-m/fpu/libc_s.a(lib_a-exit.o) (_global_impure_ptr)
/home/niklas/Downloads/gcc-arm-none-eabi-4_8-2014q3/bin/../lib/gcc/arm-none-eabi/4.8.4/../../../../arm-none-eabi/lib/armv7e-m/fpu/libc_s.a(lib_a-init.o)
                              /home/niklas/Downloads/gcc-arm-none-eabi-4_8-2014q3/bin/../lib/gcc/arm-none-eabi/4.8.4/../../../../arm-none-eabi/lib/armv7e-m/fpu/crt0.o (__libc_init_array)
/home/niklas/Downloads/gcc-arm-none-eabi-4_8-2014q3/bin/../lib/gcc/arm-none-eabi/4.8.4/../../../../arm-none-eabi/lib/armv7e-m/fpu/libc_s.a(lib_a-memcpy-stub.o)
                              build/util.o (memcpy)
/home/niklas/Downloads/gcc-arm-none-eabi-4_8-2014q3/bin/../lib/gcc/arm-none-eabi/4.8.4/../../../../arm-none-eabi/lib/armv7e-m/fpu/libc_s.a(lib_a-memset.o)
                              /home/niklas/Downloads/gcc-arm-none-eabi-4_8-2014q3/bin/../lib/gcc/arm-none-eabi/4.8.4/../../../../arm-none-eabi/lib/armv7e-m/fpu/crt0.o (memset)
/home/niklas/Downloads/gcc-arm-none-eabi-4_8-2014q3/bin/../lib/gcc/arm-none-eabi/4.8.4/../../../../arm-none-eabi/lib/armv7e-m/fpu/libc_s.a(lib_a-printf.o)
                              build/main.o (printf)
/home/niklas/Downloads/gcc-arm-none-eabi-4_8-2014q3/bin/../lib/gcc/arm-none-eabi/4.8.4/../../../../arm-none-eabi/lib/armv7e-m/fpu/libc_s.a(lib_a-vfprintf.o)
                              /home/niklas/Downloads/gcc-arm-none-eabi-4_8-2014q3/bin/../lib/gcc/arm-none-eabi/4.8.4/../../../../arm-none-eabi/lib/armv7e-m/fpu/libc_s.a(lib_a-printf.o) (_vfprintf_r)
/home/niklas/Downloads/gcc-arm-none-eabi-4_8-2014q3/bin/../lib/gcc/arm-none-eabi/4.8.4/../../../../arm-none-eabi/lib/armv7e-m/fpu/libc_s.a(lib_a-vfprintf_float.o)
                              (_printf_float)
/home/niklas/Downloads/gcc-arm-none-eabi-4_8-2014q3/bin/../lib/gcc/arm-none-eabi/4.8.4/../../../../arm-none-eabi/lib/armv7e-m/fpu/libc_s.a(lib_a-vfprintf_i.o)
                              /home/niklas/Downloads/gcc-arm-none-eabi-4_8-2014q3/bin/../lib/gcc/arm-none-eabi/4.8.4/../../../../arm-none-eabi/lib/armv7e-m/fpu/libc_s.a(lib_a-vfprintf_float.o) (_printf_common)
/home/niklas/Downloads/gcc-arm-none-eabi-4_8-2014q3/bin/../lib/gcc/arm-none-eabi/4.8.4/../../../../arm-none-eabi/lib/armv7e-m/fpu/libc_s.a(lib_a-wbuf.o)
                              /home/niklas/Downloads/gcc-arm-none-eabi-4_8-2014q3/bin/../lib/gcc/arm-none-eabi/4.8.4/../../../../arm-none-eabi/lib/armv7e-m/fpu/libc_s.a(lib_a-vfprintf.o) (__swbuf_r)
/home/niklas/Downloads/gcc-arm-none-eabi-4_8-2014q3/bin/../lib/gcc/arm-none-eabi/4.8.4/../../../../arm-none-eabi/lib/armv7e-m/fpu/libc_s.a(lib_a-wsetup.o)
                              /home/niklas/Downloads/gcc-arm-none-eabi-4_8-2014q3/bin/../lib/gcc/arm-none-eabi/4.8.4/../../../../arm-none-eabi/lib/armv7e-m/fpu/libc_s.a(lib_a-vfprintf.o) (__swsetup_r)
/home/niklas/Downloads/gcc-arm-none-eabi-4_8-2014q3/bin/../lib/gcc/arm-none-eabi/4.8.4/../../../../arm-none-eabi/lib/armv7e-m/fpu/libc_s.a(lib_a-dtoa.o)
                              /home/niklas/Downloads/gcc-arm-none-eabi-4_8-2014q3/bin/../lib/gcc/arm-none-eabi/4.8.4/../../../../arm-none-eabi/lib/armv7e-m/fpu/libc_s.a(lib_a-vfprintf_float.o) (_dtoa_r)
/home/niklas/Downloads/gcc-arm-none-eabi-4_8-2014q3/bin/../lib/gcc/arm-none-eabi/4.8.4/../../../../arm-none-eabi/lib/armv7e-m/fpu/libc_s.a(lib_a-fflush.o)
                              /home/niklas/Downloads/gcc-arm-none-eabi-4_8-2014q3/bin/../lib/gcc/arm-none-eabi/4.8.4/../../../../arm-none-eabi/lib/armv7e-m/fpu/libc_s.a(lib_a-wbuf.o) (_fflush_r)
/home/niklas/Downloads/gcc-arm-none-eabi-4_8-2014q3/bin/../lib/gcc/arm-none-eabi/4.8.4/../../../../arm-none-eabi/lib/armv7e-m/fpu/libc_s.a(lib_a-findfp.o)
                              /home/niklas/Downloads/gcc-arm-none-eabi-4_8-2014q3/bin/../lib/gcc/arm-none-eabi/4.8.4/../../../../arm-none-eabi/lib/armv7e-m/fpu/libc_s.a(lib_a-printf.o) (__sinit)
/home/niklas/Downloads/gcc-arm-none-eabi-4_8-2014q3/bin/../lib/gcc/arm-none-eabi/4.8.4/../../../../arm-none-eabi/lib/armv7e-m/fpu/libc_s.a(lib_a-fvwrite.o)
[...]
Memory Configuration

Name             Origin             Length             Attributes
RAM              0x20000000         0x00003000         xrw
CCMRAM           0x10000000         0x00001000         rw
FLASH            0x08000000         0x00010000         xr
*default*        0x00000000         0xffffffff

Linker script and memory map

LOAD /home/niklas/Downloads/gcc-arm-none-eabi-4_8-2014q3/bin/../lib/gcc/arm-none-eabi/4.8.4/armv7e-m/fpu/crti.o
LOAD /home/niklas/Downloads/gcc-arm-none-eabi-4_8-2014q3/bin/../lib/gcc/arm-none-eabi/4.8.4/armv7e-m/fpu/crtbegin.o
LOAD /home/niklas/Downloads/gcc-arm-none-eabi-4_8-2014q3/bin/../lib/gcc/arm-none-eabi/4.8.4/../../../../arm-none-eabi/lib/armv7e-m/fpu/crt0.o
LOAD build/stm32f3xx_hal_i2c_ex.o
LOAD build/stm32f3xx_it.o
LOAD build/stm32f3xx_hal_i2c.o
LOAD build/stm32f3xx_hal_comp.o
LOAD build/stm32f3xx_hal_tim.o
LOAD build/stm32f3xx_hal_gpio.o
LOAD build/stm32f3xx_hal_flash.o
LOAD build/stm32f3xx_hal_uart_ex.o
LOAD build/stm32f3xx_hal_uart.o
LOAD build/stm32f3xx_hal_adc_ex.o
LOAD build/system_stm32f3xx.o
LOAD build/stm32f3xx_hal_cortex.o
LOAD build/stm32f3xx_hal.o
LOAD build/stm32f3xx_hal_dma.o
LOAD build/stm32f3xx_hal_rcc.o
LOAD build/stm32f3xx_hal_dac_ex.o
LOAD build/stm32f3xx_hal_tim_ex.o
LOAD build/main.o
LOAD build/syscalls.o
LOAD build/comms.o
LOAD build/util.o
LOAD build/stm32f3xx_hal_rcc_ex.o
LOAD build/stm32f3xx_hal_adc.o
LOAD build/stm32f3xx_hal_pwr.o
LOAD build/stm32f3xx_hal_flash_ex.o
LOAD build/stm32f3xx_hal_hrtim.o
LOAD build/stm32f3xx_hal_pwr_ex.o
LOAD build/stm32f3xx_hal_msp.o
LOAD build/stm32f3xx_hal_dac.o
LOAD build/startup_stm32f334x8.o
LOAD /home/niklas/Downloads/gcc-arm-none-eabi-4_8-2014q3/bin/../lib/gcc/arm-none-eabi/4.8.4/../../../../arm-none-eabi/lib/armv7e-m/fpu/libc_s.a
LOAD /home/niklas/Downloads/gcc-arm-none-eabi-4_8-2014q3/bin/../lib/gcc/arm-none-eabi/4.8.4/../../../../arm-none-eabi/lib/armv7e-m/fpu/libm.a
LOAD /home/niklas/Downloads/gcc-arm-none-eabi-4_8-2014q3/bin/../lib/gcc/arm-none-eabi/4.8.4/../../../../arm-none-eabi/lib/armv7e-m/fpu/libnosys.a
START GROUP
LOAD /home/niklas/Downloads/gcc-arm-none-eabi-4_8-2014q3/bin/../lib/gcc/arm-none-eabi/4.8.4/armv7e-m/fpu/libgcc.a
LOAD /home/niklas/Downloads/gcc-arm-none-eabi-4_8-2014q3/bin/../lib/gcc/arm-none-eabi/4.8.4/../../../../arm-none-eabi/lib/armv7e-m/fpu/libc_s.a
END GROUP
START GROUP
LOAD /home/niklas/Downloads/gcc-arm-none-eabi-4_8-2014q3/bin/../lib/gcc/arm-none-eabi/4.8.4/armv7e-m/fpu/libgcc.a
LOAD /home/niklas/Downloads/gcc-arm-none-eabi-4_8-2014q3/bin/../lib/gcc/arm-none-eabi/4.8.4/../../../../arm-none-eabi/lib/armv7e-m/fpu/libc_s.a
END GROUP
LOAD /home/niklas/Downloads/gcc-arm-none-eabi-4_8-2014q3/bin/../lib/gcc/arm-none-eabi/4.8.4/armv7e-m/fpu/crtend.o
LOAD /home/niklas/Downloads/gcc-arm-none-eabi-4_8-2014q3/bin/../lib/gcc/arm-none-eabi/4.8.4/armv7e-m/fpu/crtn.o
                0x20003000                _estack = 0x20003000
                0x00000200                _Min_Heap_Size = 0x200
                0x00000400                _Min_Stack_Size = 0x400

.isr_vector     0x08000000      0x188
                0x08000000                . = ALIGN (0x4)
 *(.isr_vector)
 .isr_vector    0x08000000      0x188 build/startup_stm32f334x8.o
                0x08000000                g_pfnVectors
                0x08000188                . = ALIGN (0x4)

.text           0x08000188     0x6530
                0x08000188                . = ALIGN (0x4)
 *(.text)
 .text          0x08000188       0x54 /home/niklas/Downloads/gcc-arm-none-eabi-4_8-2014q3/bin/../lib/gcc/arm-none-eabi/4.8.4/armv7e-m/fpu/crtbegin.o
 .text          0x080001dc      0x370 /home/niklas/Downloads/gcc-arm-none-eabi-4_8-2014q3/bin/../lib/gcc/arm-none-eabi/4.8.4/armv7e-m/fpu/libgcc.a(_arm_addsubdf3.o)
                0x080001dc                __aeabi_drsub
                0x080001e4                __aeabi_dsub
                0x080001e4                __subdf3
                0x080001e8                __adddf3
                0x080001e8                __aeabi_dadd
                0x08000460                __aeabi_ui2d
                0x08000460                __floatunsidf
                0x08000480                __floatsidf
                0x08000480                __aeabi_i2d
                0x080004a4                __extendsfdf2
                0x080004a4                __aeabi_f2d
                0x080004e0                __aeabi_ul2d
                0x080004e0                __floatundidf
                0x080004f0                __floatdidf
                0x080004f0                __aeabi_l2d
 .text          0x0800054c      0x424 /home/niklas/Downloads/gcc-arm-none-eabi-4_8-2014q3/bin/../lib/gcc/arm-none-eabi/4.8.4/armv7e-m/fpu/libgcc.a(_arm_muldivdf3.o)
                0x0800054c                __aeabi_dmul
                0x0800054c                __muldf3
                0x080007a0                __aeabi_ddiv
                0x080007a0                __divdf3
 .text          0x08000970      0x110 /home/niklas/Downloads/gcc-arm-none-eabi-4_8-2014q3/bin/../lib/gcc/arm-none-eabi/4.8.4/armv7e-m/fpu/libgcc.a(_arm_cmpdf2.o)
                0x08000970                __gtdf2
                0x08000970                __gedf2
                0x08000978                __ltdf2
                0x08000978                __ledf2
                0x08000980                __cmpdf2
                0x08000980                __eqdf2
                0x08000980                __nedf2
                0x080009fc                __aeabi_cdrcmple
                0x08000a0c                __aeabi_cdcmple
                0x08000a0c                __aeabi_cdcmpeq
                0x08000a1c                __aeabi_dcmpeq
                0x08000a30                __aeabi_dcmplt
                0x08000a44                __aeabi_dcmple
                0x08000a58                __aeabi_dcmpge
                0x08000a6c                __aeabi_dcmpgt
 .text          0x08000a80       0x50 /home/niklas/Downloads/gcc-arm-none-eabi-4_8-2014q3/bin/../lib/gcc/arm-none-eabi/4.8.4/armv7e-m/fpu/libgcc.a(_arm_fixdfsi.o)
                0x08000a80                __fixdfsi
                0x08000a80                __aeabi_d2iz
 *(.text*)
 .text.NMI_Handler
                0x08000ad0        0x4 build/stm32f3xx_it.o
                0x08000ad0                NMI_Handler
 .text.HardFault_Handler
                0x08000ad4        0x4 build/stm32f3xx_it.o
                0x08000ad4                HardFault_Handler
 .text.MemManage_Handler
                0x08000ad8        0x4 build/stm32f3xx_it.o
                0x08000ad8                MemManage_Handler
 .text.BusFault_Handler
                0x08000adc        0x4 build/stm32f3xx_it.o
                0x08000adc                BusFault_Handler
 .text.UsageFault_Handler
                0x08000ae0        0x4 build/stm32f3xx_it.o
                0x08000ae0                UsageFault_Handler
 .text.SVC_Handler
                0x08000ae4        0x4 build/stm32f3xx_it.o
                0x08000ae4                SVC_Handler
 .text.DebugMon_Handler
                0x08000ae8        0x4 build/stm32f3xx_it.o
                0x08000ae8                DebugMon_Handler
 .text.PendSV_Handler
                0x08000aec        0x4 build/stm32f3xx_it.o
                0x08000aec                PendSV_Handler
 .text.SysTick_Handler
                0x08000af0        0xc build/stm32f3xx_it.o
                0x08000af0                SysTick_Handler
 .text.DMA1_Channel1_IRQHandler
                0x08000afc       0x10 build/stm32f3xx_it.o
                0x08000afc                DMA1_Channel1_IRQHandler
 .text.DMA1_Channel2_IRQHandler
                0x08000b0c       0x10 build/stm32f3xx_it.o
                0x08000b0c                DMA1_Channel2_IRQHandler
 .text.DMA1_Channel4_IRQHandler
                0x08000b1c       0x10 build/stm32f3xx_it.o
                0x08000b1c                DMA1_Channel4_IRQHandler
 .text.DMA1_Channel5_IRQHandler
                0x08000b2c       0x10 build/stm32f3xx_it.o
                0x08000b2c                DMA1_Channel5_IRQHandler
 .text.ADC1_2_IRQHandler
                0x08000b3c       0x1c build/stm32f3xx_it.o
                0x08000b3c                ADC1_2_IRQHandler
 .text.HAL_GPIO_Init
                0x08000b58      0x1c8 build/stm32f3xx_hal_gpio.o
                0x08000b58                HAL_GPIO_Init
 .text.HAL_GPIO_WritePin
                0x08000d20        0xc build/stm32f3xx_hal_gpio.o
                0x08000d20                HAL_GPIO_WritePin
 .text.HAL_GPIO_TogglePin
                0x08000d2c        0x8 build/stm32f3xx_hal_gpio.o
                0x08000d2c                HAL_GPIO_TogglePin
 .text.UART_SetConfig
                0x08000d34      0x1b4 build/stm32f3xx_hal_uart.o
                0x08000d34                UART_SetConfig
 .text.UART_AdvFeatureConfig
                0x08000ee8       0xc8 build/stm32f3xx_hal_uart.o
                0x08000ee8                UART_AdvFeatureConfig
 .text.UART_WaitOnFlagUntilTimeout
                0x08000fb0       0x68 build/stm32f3xx_hal_uart.o
                0x08000fb0                UART_WaitOnFlagUntilTimeout
 .text.HAL_UART_Transmit
                0x08001018       0xd8 build/stm32f3xx_hal_uart.o
                0x08001018                HAL_UART_Transmit
 .text.UART_CheckIdleState
                0x080010f0       0x6c build/stm32f3xx_hal_uart.o
                0x080010f0                UART_CheckIdleState
 .text.HAL_UART_Init
                0x0800115c       0x68 build/stm32f3xx_hal_uart.o
                0x0800115c                HAL_UART_Init
 .text.ADC_Disable
                0x080011c4       0x8c build/stm32f3xx_hal_adc_ex.o
 .text.ADC_Enable
                0x08001250       0x84 build/stm32f3xx_hal_adc_ex.o
 .text.HAL_ADC_Init
                0x080012d4      0x228 build/stm32f3xx_hal_adc_ex.o
                0x080012d4                HAL_ADC_Init
 .text.HAL_ADCEx_Calibration_Start
                0x080014fc       0x94 build/stm32f3xx_hal_adc_ex.o
                0x080014fc                HAL_ADCEx_Calibration_Start
 .text.HAL_ADCEx_InjectedStart
                0x08001590       0xc4 build/stm32f3xx_hal_adc_ex.o
                0x08001590                HAL_ADCEx_InjectedStart
 .text.HAL_ADCEx_InjectedGetValue
                0x08001654       0x30 build/stm32f3xx_hal_adc_ex.o
                0x08001654                HAL_ADCEx_InjectedGetValue
 .text.HAL_ADCEx_InjectedConvCpltCallback
                0x08001684        0x4 build/stm32f3xx_hal_adc_ex.o
                0x08001684                HAL_ADCEx_InjectedConvCpltCallback
 .text.HAL_ADCEx_InjectedQueueOverflowCallback
                0x08001688        0x4 build/stm32f3xx_hal_adc_ex.o
                0x08001688                HAL_ADCEx_InjectedQueueOverflowCallback
 .text.HAL_ADCEx_LevelOutOfWindow2Callback
                0x0800168c        0x4 build/stm32f3xx_hal_adc_ex.o
                0x0800168c                HAL_ADCEx_LevelOutOfWindow2Callback
 .text.HAL_ADCEx_LevelOutOfWindow3Callback
                0x08001690        0x4 build/stm32f3xx_hal_adc_ex.o
                0x08001690                HAL_ADCEx_LevelOutOfWindow3Callback
 .text.HAL_ADC_IRQHandler
                0x08001694      0x2d0 build/stm32f3xx_hal_adc_ex.o
                0x08001694                HAL_ADC_IRQHandler
 .text.HAL_ADCEx_InjectedConfigChannel
                0x08001964      0x404 build/stm32f3xx_hal_adc_ex.o
                0x08001964                HAL_ADCEx_InjectedConfigChannel
 .text.HAL_ADCEx_MultiModeConfigChannel
                0x08001d68      0x140 build/stm32f3xx_hal_adc_ex.o
                0x08001d68                HAL_ADCEx_MultiModeConfigChannel
 .text.SystemInit
                0x08001ea8       0x68 build/system_stm32f3xx.o
                0x08001ea8                SystemInit
 .text.HAL_NVIC_SetPriorityGrouping
                0x08001f10       0x24 build/stm32f3xx_hal_cortex.o
                0x08001f10                HAL_NVIC_SetPriorityGrouping
 .text.HAL_NVIC_SetPriority
                0x08001f34       0x64 build/stm32f3xx_hal_cortex.o
                0x08001f34                HAL_NVIC_SetPriority
 .text.HAL_NVIC_EnableIRQ
                0x08001f98       0x18 build/stm32f3xx_hal_cortex.o
                0x08001f98                HAL_NVIC_EnableIRQ
 .text.HAL_SYSTICK_Config
                0x08001fb0       0x2c build/stm32f3xx_hal_cortex.o
                0x08001fb0                HAL_SYSTICK_Config
 .text.HAL_SYSTICK_CLKSourceConfig
                0x08001fdc       0x20 build/stm32f3xx_hal_cortex.o
                0x08001fdc                HAL_SYSTICK_CLKSourceConfig
 .text.HAL_SYSTICK_Callback
                0x08001ffc        0x4 build/stm32f3xx_hal_cortex.o
                0x08001ffc                HAL_SYSTICK_Callback
 .text.HAL_SYSTICK_IRQHandler
                0x08002000        0x8 build/stm32f3xx_hal_cortex.o
                0x08002000                HAL_SYSTICK_IRQHandler
 .text.HAL_InitTick
                0x08002008       0x2c build/stm32f3xx_hal.o
                0x08002008                HAL_InitTick
 .text.HAL_Init
                0x08002034       0x24 build/stm32f3xx_hal.o
                0x08002034                HAL_Init
 .text.HAL_IncTick
                0x08002058       0x10 build/stm32f3xx_hal.o
                0x08002058                HAL_IncTick
 .text.HAL_GetTick
                0x08002068        0xc build/stm32f3xx_hal.o
                0x08002068                HAL_GetTick
 .text.DMA_CalcBaseAndBitshift
                0x08002074       0x24 build/stm32f3xx_hal_dma.o
 .text.HAL_DMA_Init
                0x08002098       0x58 build/stm32f3xx_hal_dma.o
                0x08002098                HAL_DMA_Init
 .text.HAL_DMA_IRQHandler
                0x080020f0       0xb8 build/stm32f3xx_hal_dma.o
                0x080020f0                HAL_DMA_IRQHandler
 .text.HAL_RCC_OscConfig
                0x080021a8      0x618 build/stm32f3xx_hal_rcc.o
                0x080021a8                HAL_RCC_OscConfig
 .text.HAL_RCC_GetSysClockFreq
                0x080027c0       0x70 build/stm32f3xx_hal_rcc.o
                0x080027c0                HAL_RCC_GetSysClockFreq
 .text.HAL_RCC_ClockConfig
                0x08002830      0x200 build/stm32f3xx_hal_rcc.o
                0x08002830                HAL_RCC_ClockConfig
 .text.HAL_RCC_GetHCLKFreq
                0x08002a30        0xc build/stm32f3xx_hal_rcc.o
                0x08002a30                HAL_RCC_GetHCLKFreq
 .text.HAL_RCC_GetPCLK1Freq
                0x08002a3c       0x30 build/stm32f3xx_hal_rcc.o
                0x08002a3c                HAL_RCC_GetPCLK1Freq
 .text.HAL_RCC_GetPCLK2Freq
                0x08002a6c       0x30 build/stm32f3xx_hal_rcc.o
                0x08002a6c                HAL_RCC_GetPCLK2Freq
 .text.MX_GPIO_Init
                0x08002a9c       0x7c build/main.o
 .text.MX_DMA_Init
                0x08002b18       0x64 build/main.o
 .text.ADC1_Config
                0x08002b7c       0xa8 build/main.o
 .text.ADC2_Config
                0x08002c24       0xac build/main.o
 .text.HRTIM_Config
                0x08002cd0      0x130 build/main.o
 .text.DCDC_Reg
                0x08002e00       0x10 build/main.o
                0x08002e00                DCDC_Reg
 .text._Error_Handler
                0x08002e10        0x4 build/main.o
                0x08002e10                _Error_Handler
 .text.MX_USART1_UART_Init
                0x08002e14       0x40 build/main.o
 .text.MX_USART3_UART_Init
                0x08002e54       0x40 build/main.o
 .text.SystemClock_Config
                0x08002e94       0xa8 build/main.o
                0x08002e94                SystemClock_Config
 .text.main     0x08002f3c      0x2f8 build/main.o
                0x08002f3c                main
 .text._read    0x08003234       0x20 build/syscalls.o
                0x08003234                _read
 .text._write   0x08003254       0x1c build/syscalls.o
                0x08003254                _write
 .text._sbrk    0x08003270       0x38 build/syscalls.o
                0x08003270                _sbrk
 .text._close   0x080032a8        0x8 build/syscalls.o
                0x080032a8                _close
 .text._fstat   0x080032b0        0xc build/syscalls.o
                0x080032b0                _fstat
 .text._isatty  0x080032bc        0x4 build/syscalls.o
                0x080032bc                _isatty
 .text._lseek   0x080032c0        0x4 build/syscalls.o
                0x080032c0                _lseek
 .text.__io_putchar
                0x080032c4       0x24 build/comms.o
                0x080032c4                __io_putchar
 .text.r2temp   0x080032e8       0x88 build/util.o
                0x080032e8                r2temp
 .text.HAL_RCCEx_PeriphCLKConfig
                0x08003370      0x1b4 build/stm32f3xx_hal_rcc_ex.o
                0x08003370                HAL_RCCEx_PeriphCLKConfig
 .text.HAL_ADC_ConvCpltCallback
                0x08003524        0x4 build/stm32f3xx_hal_adc.o
                0x08003524                HAL_ADC_ConvCpltCallback
 .text.HAL_ADC_LevelOutOfWindowCallback
                0x08003528        0x4 build/stm32f3xx_hal_adc.o
                0x08003528                HAL_ADC_LevelOutOfWindowCallback
 .text.HAL_ADC_ErrorCallback
                0x0800352c        0x4 build/stm32f3xx_hal_adc.o
                0x0800352c                HAL_ADC_ErrorCallback
 .text.HRTIM_MasterBase_Config
                0x08003530       0x2c build/stm32f3xx_hal_hrtim.o
 .text.HRTIM_TimingUnitBase_Config
                0x0800355c       0x38 build/stm32f3xx_hal_hrtim.o
 .text.HRTIM_MasterWaveform_Config
                0x08003594       0x58 build/stm32f3xx_hal_hrtim.o
 .text.HRTIM_TimingUnitWaveform_Config
                0x080035ec      0x148 build/stm32f3xx_hal_hrtim.o
 .text.HRTIM_OutputConfig
                0x08003734       0xcc build/stm32f3xx_hal_hrtim.o
 .text.HRTIM_ForceRegistersUpdate
                0x08003800       0x70 build/stm32f3xx_hal_hrtim.o
 .text.HAL_HRTIM_Init
                0x08003870       0xcc build/stm32f3xx_hal_hrtim.o
                0x08003870                HAL_HRTIM_Init
 .text.HAL_HRTIM_TimeBaseConfig
                0x0800393c       0x34 build/stm32f3xx_hal_hrtim.o
                0x0800393c                HAL_HRTIM_TimeBaseConfig
 .text.HAL_HRTIM_ADCTriggerConfig
                0x08003970       0xac build/stm32f3xx_hal_hrtim.o
                0x08003970                HAL_HRTIM_ADCTriggerConfig
 .text.HAL_HRTIM_WaveformTimerConfig
                0x08003a1c       0x70 build/stm32f3xx_hal_hrtim.o
                0x08003a1c                HAL_HRTIM_WaveformTimerConfig
 .text.HAL_HRTIM_DeadTimeConfig
                0x08003a8c       0x74 build/stm32f3xx_hal_hrtim.o
                0x08003a8c                HAL_HRTIM_DeadTimeConfig
 .text.HAL_HRTIM_WaveformCompareConfig
                0x08003b00      0x148 build/stm32f3xx_hal_hrtim.o
                0x08003b00                HAL_HRTIM_WaveformCompareConfig
 .text.HAL_HRTIM_WaveformOutputConfig
                0x08003c48       0x3c build/stm32f3xx_hal_hrtim.o
                0x08003c48                HAL_HRTIM_WaveformOutputConfig
 .text.HAL_HRTIM_WaveformOutputStart
                0x08003c84       0x38 build/stm32f3xx_hal_hrtim.o
                0x08003c84                HAL_HRTIM_WaveformOutputStart
 .text.HAL_HRTIM_WaveformCounterStart_IT
                0x08003cbc       0x88 build/stm32f3xx_hal_hrtim.o
                0x08003cbc                HAL_HRTIM_WaveformCounterStart_IT
 .text.HAL_MspInit
                0x08003d44       0x7c build/stm32f3xx_hal_msp.o
                0x08003d44                HAL_MspInit
 .text.HAL_ADC_MspInit
                0x08003dc0      0x130 build/stm32f3xx_hal_msp.o
                0x08003dc0                HAL_ADC_MspInit
 .text.HAL_HRTIM_MspInit
                0x08003ef0       0x28 build/stm32f3xx_hal_msp.o
                0x08003ef0                HAL_HRTIM_MspInit
 .text.HAL_HRTIM_MspPostInit
                0x08003f18       0x38 build/stm32f3xx_hal_msp.o
                0x08003f18                HAL_HRTIM_MspPostInit
 .text.HAL_UART_MspInit
                0x08003f50      0x100 build/stm32f3xx_hal_msp.o
                0x08003f50                HAL_UART_MspInit
 .text.Reset_Handler
                0x08004050       0x5c build/startup_stm32f334x8.o
                0x08004050                Reset_Handler
 .text.Default_Handler
                0x080040ac        0x4 build/startup_stm32f334x8.o
                0x080040ac                RTC_Alarm_IRQHandler
                0x080040ac                HRTIM1_Master_IRQHandler
                0x080040ac                TIM1_CC_IRQHandler
                0x080040ac                HRTIM1_FLT_IRQHandler
                0x080040ac                PVD_IRQHandler
                0x080040ac                HRTIM1_TIMD_IRQHandler
                0x080040ac                TAMP_STAMP_IRQHandler
                0x080040ac                EXTI3_IRQHandler
                0x080040ac                EXTI0_IRQHandler
                0x080040ac                FPU_IRQHandler
                0x080040ac                CAN_TX_IRQHandler
                0x080040ac                TIM1_UP_TIM16_IRQHandler
                0x080040ac                HRTIM1_TIME_IRQHandler
                0x080040ac                SPI1_IRQHandler
                0x080040ac                CAN_SCE_IRQHandler
                0x080040ac                HRTIM1_TIMC_IRQHandler
                0x080040ac                USART3_IRQHandler
                0x080040ac                DMA1_Channel7_IRQHandler
                0x080040ac                TIM7_DAC2_IRQHandler
                0x080040ac                CAN_RX1_IRQHandler
                0x080040ac                I2C1_EV_IRQHandler
                0x080040ac                DMA1_Channel6_IRQHandler
                0x080040ac                TIM3_IRQHandler
                0x080040ac                RCC_IRQHandler
                0x080040ac                Default_Handler
                0x080040ac                EXTI15_10_IRQHandler
                0x080040ac                COMP2_IRQHandler
                0x080040ac                HRTIM1_TIMA_IRQHandler
                0x080040ac                TIM6_DAC1_IRQHandler
                0x080040ac                EXTI9_5_IRQHandler
                0x080040ac                RTC_WKUP_IRQHandler
                0x080040ac                EXTI4_IRQHandler
                0x080040ac                HRTIM1_TIMB_IRQHandler
                0x080040ac                TIM1_TRG_COM_TIM17_IRQHandler
                0x080040ac                DMA1_Channel3_IRQHandler
                0x080040ac                WWDG_IRQHandler
                0x080040ac                TIM2_IRQHandler
                0x080040ac                EXTI1_IRQHandler
                0x080040ac                COMP4_6_IRQHandler
                0x080040ac                USART2_IRQHandler
                0x080040ac                FLASH_IRQHandler
                0x080040ac                USART1_IRQHandler
                0x080040ac                CAN_RX0_IRQHandler
                0x080040ac                I2C1_ER_IRQHandler
                0x080040ac                EXTI2_TSC_IRQHandler
                0x080040ac                TIM1_BRK_TIM15_IRQHandler
 .text.__errno  0x080040b0        0xc /home/niklas/Downloads/gcc-arm-none-eabi-4_8-2014q3/bin/../lib/gcc/arm-none-eabi/4.8.4/../../../../arm-none-eabi/lib/armv7e-m/fpu/libc_s.a(lib_a-errno.o)
                0x080040b0                __errno
 .text.__libc_init_array
                0x080040bc       0x4c /home/niklas/Downloads/gcc-arm-none-eabi-4_8-2014q3/bin/../lib/gcc/arm-none-eabi/4.8.4/../../../../arm-none-eabi/lib/armv7e-m/fpu/libc_s.a(lib_a-init.o)
                0x080040bc                __libc_init_array
 .text.memcpy   0x08004108       0x12 /home/niklas/Downloads/gcc-arm-none-eabi-4_8-2014q3/bin/../lib/gcc/arm-none-eabi/4.8.4/../../../../arm-none-eabi/lib/armv7e-m/fpu/libc_s.a(lib_a-memcpy-stub.o)
                0x08004108                memcpy
 .text.memset   0x0800411a       0x10 /home/niklas/Downloads/gcc-arm-none-eabi-4_8-2014q3/bin/../lib/gcc/arm-none-eabi/4.8.4/../../../../arm-none-eabi/lib/armv7e-m/fpu/libc_s.a(lib_a-memset.o)
                0x0800411a                memset
 *fill*         0x0800412a        0x2 
 .text.printf   0x0800412c       0x30 /home/niklas/Downloads/gcc-arm-none-eabi-4_8-2014q3/bin/../lib/gcc/arm-none-eabi/4.8.4/../../../../arm-none-eabi/lib/armv7e-m/fpu/libc_s.a(lib_a-printf.o)
                0x0800412c                printf
                0x0800412c                iprintf
 .text.__sfputc_r
                0x0800415c       0x2c /home/niklas/Downloads/gcc-arm-none-eabi-4_8-2014q3/bin/../lib/gcc/arm-none-eabi/4.8.4/../../../../arm-none-eabi/lib/armv7e-m/fpu/libc_s.a(lib_a-vfprintf.o)
 .text.__sfputs_r
                0x08004188       0x24 /home/niklas/Downloads/gcc-arm-none-eabi-4_8-2014q3/bin/../lib/gcc/arm-none-eabi/4.8.4/../../../../arm-none-eabi/lib/armv7e-m/fpu/libc_s.a(lib_a-vfprintf.o)
                0x08004188                __sfputs_r
 .text._vfprintf_r
                0x080041ac      0x208 /home/niklas/Downloads/gcc-arm-none-eabi-4_8-2014q3/bin/../lib/gcc/arm-none-eabi/4.8.4/../../../../arm-none-eabi/lib/armv7e-m/fpu/libc_s.a(lib_a-vfprintf.o)
                0x080041ac                _vfiprintf_r
                0x080041ac                _vfprintf_r
 .text.__cvt    0x080043b4       0xc0 /home/niklas/Downloads/gcc-arm-none-eabi-4_8-2014q3/bin/../lib/gcc/arm-none-eabi/4.8.4/../../../../arm-none-eabi/lib/armv7e-m/fpu/libc_s.a(lib_a-vfprintf_float.o)
                0x080043b4                __cvt
 .text.__exponent
                0x08004474       0x66 /home/niklas/Downloads/gcc-arm-none-eabi-4_8-2014q3/bin/../lib/gcc/arm-none-eabi/4.8.4/../../../../arm-none-eabi/lib/armv7e-m/fpu/libc_s.a(lib_a-vfprintf_float.o)
                0x08004474                __exponent
 *fill*         0x080044da        0x2 
 .text._printf_float
                0x080044dc      0x420 /home/niklas/Downloads/gcc-arm-none-eabi-4_8-2014q3/bin/../lib/gcc/arm-none-eabi/4.8.4/../../../../arm-none-eabi/lib/armv7e-m/fpu/libc_s.a(lib_a-vfprintf_float.o)
                0x080044dc                _printf_float
 .text._printf_common
                0x080048fc       0xe4 /home/niklas/Downloads/gcc-arm-none-eabi-4_8-2014q3/bin/../lib/gcc/arm-none-eabi/4.8.4/../../../../arm-none-eabi/lib/armv7e-m/fpu/libc_s.a(lib_a-vfprintf_i.o)
                0x080048fc                _printf_common
 .text._printf_i
                0x080049e0      0x228 /home/niklas/Downloads/gcc-arm-none-eabi-4_8-2014q3/bin/../lib/gcc/arm-none-eabi/4.8.4/../../../../arm-none-eabi/lib/armv7e-m/fpu/libc_s.a(lib_a-vfprintf_i.o)
                0x080049e0                _printf_i
 .text.__swbuf_r
                0x08004c08       0xa8 /home/niklas/Downloads/gcc-arm-none-eabi-4_8-2014q3/bin/../lib/gcc/arm-none-eabi/4.8.4/../../../../arm-none-eabi/lib/armv7e-m/fpu/libc_s.a(lib_a-wbuf.o)
                0x08004c08                __swbuf_r
 .text.__swsetup_r
                0x08004cb0       0xdc /home/niklas/Downloads/gcc-arm-none-eabi-4_8-2014q3/bin/../lib/gcc/arm-none-eabi/4.8.4/../../../../arm-none-eabi/lib/armv7e-m/fpu/libc_s.a(lib_a-wsetup.o)
                0x08004cb0                __swsetup_r
 .text.quorem   0x08004d8c      0x11a /home/niklas/Downloads/gcc-arm-none-eabi-4_8-2014q3/bin/../lib/gcc/arm-none-eabi/4.8.4/../../../../arm-none-eabi/lib/armv7e-m/fpu/libc_s.a(lib_a-dtoa.o)
 *fill*         0x08004ea6        0x2 
 .text._dtoa_r  0x08004ea8      0xb70 /home/niklas/Downloads/gcc-arm-none-eabi-4_8-2014q3/bin/../lib/gcc/arm-none-eabi/4.8.4/../../../../arm-none-eabi/lib/armv7e-m/fpu/libc_s.a(lib_a-dtoa.o)
                0x08004ea8                _dtoa_r
 .text.__sflush_r
                0x08005a18      0x106 /home/niklas/Downloads/gcc-arm-none-eabi-4_8-2014q3/bin/../lib/gcc/arm-none-eabi/4.8.4/../../../../arm-none-eabi/lib/armv7e-m/fpu/libc_s.a(lib_a-fflush.o)
                0x08005a18                __sflush_r
 *fill*         0x08005b1e        0x2 
 .text._fflush_r
                0x08005b20       0x54 /home/niklas/Downloads/gcc-arm-none-eabi-4_8-2014q3/bin/../lib/gcc/arm-none-eabi/4.8.4/../../../../arm-none-eabi/lib/armv7e-m/fpu/libc_s.a(lib_a-fflush.o)
                0x08005b20                _fflush_r
 .text._cleanup_r
                0x08005b74       0x32 /home/niklas/Downloads/gcc-arm-none-eabi-4_8-2014q3/bin/../lib/gcc/arm-none-eabi/4.8.4/../../../../arm-none-eabi/lib/armv7e-m/fpu/libc_s.a(lib_a-findfp.o)
                0x08005b74                _cleanup_r
 *fill*         0x08005ba6        0x2 
 .text.std.isra.0
                0x08005ba8       0x48 /home/niklas/Downloads/gcc-arm-none-eabi-4_8-2014q3/bin/../lib/gcc/arm-none-eabi/4.8.4/../../../../arm-none-eabi/lib/armv7e-m/fpu/libc_s.a(lib_a-findfp.o)
 .text.__sfmoreglue
                0x08005bf0       0x2c /home/niklas/Downloads/gcc-arm-none-eabi-4_8-2014q3/bin/../lib/gcc/arm-none-eabi/4.8.4/../../../../arm-none-eabi/lib/armv7e-m/fpu/libc_s.a(lib_a-findfp.o)
                0x08005bf0                __sfmoreglue
 .text.__sinit  0x08005c1c       0x60 /home/niklas/Downloads/gcc-arm-none-eabi-4_8-2014q3/bin/../lib/gcc/arm-none-eabi/4.8.4/../../../../arm-none-eabi/lib/armv7e-m/fpu/libc_s.a(lib_a-findfp.o)
                0x08005c1c                __sinit
 .text.__sfp    0x08005c7c       0x74 /home/niklas/Downloads/gcc-arm-none-eabi-4_8-2014q3/bin/../lib/gcc/arm-none-eabi/4.8.4/../../../../arm-none-eabi/lib/armv7e-m/fpu/libc_s.a(lib_a-findfp.o)
                0x08005c7c                __sfp
 .text._localeconv_r
                0x08005cf0        0x8 /home/niklas/Downloads/gcc-arm-none-eabi-4_8-2014q3/bin/../lib/gcc/arm-none-eabi/4.8.4/../../../../arm-none-eabi/lib/armv7e-m/fpu/libc_s.a(lib_a-locale.o)
                0x08005cf0                _localeconv_r
 .text.__smakebuf_r
                0x08005cf8       0x9c /home/niklas/Downloads/gcc-arm-none-eabi-4_8-2014q3/bin/../lib/gcc/arm-none-eabi/4.8.4/../../../../arm-none-eabi/lib/armv7e-m/fpu/libc_s.a(lib_a-makebuf.o)
                0x08005cf8                __smakebuf_r
 .text.malloc   0x08005d94       0x10 /home/niklas/Downloads/gcc-arm-none-eabi-4_8-2014q3/bin/../lib/gcc/arm-none-eabi/4.8.4/../../../../arm-none-eabi/lib/armv7e-m/fpu/libc_s.a(lib_a-malloc.o)
                0x08005d94                malloc
 .text.memchr   0x08005da4       0x1e /home/niklas/Downloads/gcc-arm-none-eabi-4_8-2014q3/bin/../lib/gcc/arm-none-eabi/4.8.4/../../../../arm-none-eabi/lib/armv7e-m/fpu/libc_s.a(lib_a-memchr-stub.o)
                0x08005da4                memchr
 .text._Balloc  0x08005dc2       0x6a /home/niklas/Downloads/gcc-arm-none-eabi-4_8-2014q3/bin/../lib/gcc/arm-none-eabi/4.8.4/../../../../arm-none-eabi/lib/armv7e-m/fpu/libc_s.a(lib_a-mprec.o)
                0x08005dc2                _Balloc
 .text._Bfree   0x08005e2c       0x2e /home/niklas/Downloads/gcc-arm-none-eabi-4_8-2014q3/bin/../lib/gcc/arm-none-eabi/4.8.4/../../../../arm-none-eabi/lib/armv7e-m/fpu/libc_s.a(lib_a-mprec.o)
                0x08005e2c                _Bfree
 .text.__multadd
                0x08005e5a       0x74 /home/niklas/Downloads/gcc-arm-none-eabi-4_8-2014q3/bin/../lib/gcc/arm-none-eabi/4.8.4/../../../../arm-none-eabi/lib/armv7e-m/fpu/libc_s.a(lib_a-mprec.o)
                0x08005e5a                __multadd
 .text.__hi0bits
                0x08005ece       0x40 /home/niklas/Downloads/gcc-arm-none-eabi-4_8-2014q3/bin/../lib/gcc/arm-none-eabi/4.8.4/../../../../arm-none-eabi/lib/armv7e-m/fpu/libc_s.a(lib_a-mprec.o)
                0x08005ece                __hi0bits
 .text.__lo0bits
                0x08005f0e       0x5a /home/niklas/Downloads/gcc-arm-none-eabi-4_8-2014q3/bin/../lib/gcc/arm-none-eabi/4.8.4/../../../../arm-none-eabi/lib/armv7e-m/fpu/libc_s.a(lib_a-mprec.o)
                0x08005f0e                __lo0bits
 .text.__i2b    0x08005f68       0x12 /home/niklas/Downloads/gcc-arm-none-eabi-4_8-2014q3/bin/../lib/gcc/arm-none-eabi/4.8.4/../../../../arm-none-eabi/lib/armv7e-m/fpu/libc_s.a(lib_a-mprec.o)
                0x08005f68                __i2b
 .text.__multiply
                0x08005f7a      0x130 /home/niklas/Downloads/gcc-arm-none-eabi-4_8-2014q3/bin/../lib/gcc/arm-none-eabi/4.8.4/../../../../arm-none-eabi/lib/armv7e-m/fpu/libc_s.a(lib_a-mprec.o)
                0x08005f7a                __multiply
 *fill*         0x080060aa        0x2 
 .text.__pow5mult
                0x080060ac       0x9c /home/niklas/Downloads/gcc-arm-none-eabi-4_8-2014q3/bin/../lib/gcc/arm-none-eabi/4.8.4/../../../../arm-none-eabi/lib/armv7e-m/fpu/libc_s.a(lib_a-mprec.o)
                0x080060ac                __pow5mult
 .text.__lshift
                0x08006148       0xa6 /home/niklas/Downloads/gcc-arm-none-eabi-4_8-2014q3/bin/../lib/gcc/arm-none-eabi/4.8.4/../../../../arm-none-eabi/lib/armv7e-m/fpu/libc_s.a(lib_a-mprec.o)
                0x08006148                __lshift
 .text.__mcmp   0x080061ee       0x3a /home/niklas/Downloads/gcc-arm-none-eabi-4_8-2014q3/bin/../lib/gcc/arm-none-eabi/4.8.4/../../../../arm-none-eabi/lib/armv7e-m/fpu/libc_s.a(lib_a-mprec.o)
                0x080061ee                __mcmp
 .text.__mdiff  0x08006228       0xbc /home/niklas/Downloads/gcc-arm-none-eabi-4_8-2014q3/bin/../lib/gcc/arm-none-eabi/4.8.4/../../../../arm-none-eabi/lib/armv7e-m/fpu/libc_s.a(lib_a-mprec.o)
                0x08006228                __mdiff
 .text.__d2b    0x080062e4       0xa0 /home/niklas/Downloads/gcc-arm-none-eabi-4_8-2014q3/bin/../lib/gcc/arm-none-eabi/4.8.4/../../../../arm-none-eabi/lib/armv7e-m/fpu/libc_s.a(lib_a-mprec.o)
                0x080062e4                __d2b
 .text._calloc_r
                0x08006384       0x1c /home/niklas/Downloads/gcc-arm-none-eabi-4_8-2014q3/bin/../lib/gcc/arm-none-eabi/4.8.4/../../../../arm-none-eabi/lib/armv7e-m/fpu/libc_s.a(lib_a-nano-callocr.o)
                0x08006384                _calloc_r
 .text._free_r  0x080063a0       0x88 /home/niklas/Downloads/gcc-arm-none-eabi-4_8-2014q3/bin/../lib/gcc/arm-none-eabi/4.8.4/../../../../arm-none-eabi/lib/armv7e-m/fpu/libc_s.a(lib_a-nano-freer.o)
                0x080063a0                _free_r
 .text._malloc_r
                0x08006428       0xa8 /home/niklas/Downloads/gcc-arm-none-eabi-4_8-2014q3/bin/../lib/gcc/arm-none-eabi/4.8.4/../../../../arm-none-eabi/lib/armv7e-m/fpu/libc_s.a(lib_a-nano-mallocr.o)
                0x08006428                _malloc_r
 .text.__fpclassifyd
                0x080064d0       0x48 /home/niklas/Downloads/gcc-arm-none-eabi-4_8-2014q3/bin/../lib/gcc/arm-none-eabi/4.8.4/../../../../arm-none-eabi/lib/armv7e-m/fpu/libc_s.a(lib_a-s_fpclassify.o)
                0x080064d0                __fpclassifyd
 .text._sbrk_r  0x08006518       0x20 /home/niklas/Downloads/gcc-arm-none-eabi-4_8-2014q3/bin/../lib/gcc/arm-none-eabi/4.8.4/../../../../arm-none-eabi/lib/armv7e-m/fpu/libc_s.a(lib_a-sbrkr.o)
                0x08006518                _sbrk_r
 .text.__sread  0x08006538       0x22 /home/niklas/Downloads/gcc-arm-none-eabi-4_8-2014q3/bin/../lib/gcc/arm-none-eabi/4.8.4/../../../../arm-none-eabi/lib/armv7e-m/fpu/libc_s.a(lib_a-stdio.o)
                0x08006538                __sread
 .text.__swrite
                0x0800655a       0x38 /home/niklas/Downloads/gcc-arm-none-eabi-4_8-2014q3/bin/../lib/gcc/arm-none-eabi/4.8.4/../../../../arm-none-eabi/lib/armv7e-m/fpu/libc_s.a(lib_a-stdio.o)
                0x0800655a                __swrite
 .text.__sseek  0x08006592       0x24 /home/niklas/Downloads/gcc-arm-none-eabi-4_8-2014q3/bin/../lib/gcc/arm-none-eabi/4.8.4/../../../../arm-none-eabi/lib/armv7e-m/fpu/libc_s.a(lib_a-stdio.o)
                0x08006592                __sseek
 .text.__sclose
                0x080065b6        0x8 /home/niklas/Downloads/gcc-arm-none-eabi-4_8-2014q3/bin/../lib/gcc/arm-none-eabi/4.8.4/../../../../arm-none-eabi/lib/armv7e-m/fpu/libc_s.a(lib_a-stdio.o)
                0x080065b6                __sclose
 .text.strlen   0x080065be       0x10 /home/niklas/Downloads/gcc-arm-none-eabi-4_8-2014q3/bin/../lib/gcc/arm-none-eabi/4.8.4/../../../../arm-none-eabi/lib/armv7e-m/fpu/libc_s.a(lib_a-strlen.o)
                0x080065be                strlen
 *fill*         0x080065ce        0x2 
 .text._write_r
                0x080065d0       0x24 /home/niklas/Downloads/gcc-arm-none-eabi-4_8-2014q3/bin/../lib/gcc/arm-none-eabi/4.8.4/../../../../arm-none-eabi/lib/armv7e-m/fpu/libc_s.a(lib_a-writer.o)
                0x080065d0                _write_r
 .text._close_r
                0x080065f4       0x20 /home/niklas/Downloads/gcc-arm-none-eabi-4_8-2014q3/bin/../lib/gcc/arm-none-eabi/4.8.4/../../../../arm-none-eabi/lib/armv7e-m/fpu/libc_s.a(lib_a-closer.o)
                0x080065f4                _close_r
 .text._fstat_r
                0x08006614       0x24 /home/niklas/Downloads/gcc-arm-none-eabi-4_8-2014q3/bin/../lib/gcc/arm-none-eabi/4.8.4/../../../../arm-none-eabi/lib/armv7e-m/fpu/libc_s.a(lib_a-fstatr.o)
                0x08006614                _fstat_r
 .text._isatty_r
                0x08006638       0x20 /home/niklas/Downloads/gcc-arm-none-eabi-4_8-2014q3/bin/../lib/gcc/arm-none-eabi/4.8.4/../../../../arm-none-eabi/lib/armv7e-m/fpu/libc_s.a(lib_a-isattyr.o)
                0x08006638                _isatty_r
 .text._lseek_r
                0x08006658       0x24 /home/niklas/Downloads/gcc-arm-none-eabi-4_8-2014q3/bin/../lib/gcc/arm-none-eabi/4.8.4/../../../../arm-none-eabi/lib/armv7e-m/fpu/libc_s.a(lib_a-lseekr.o)
                0x08006658                _lseek_r
 .text._read_r  0x0800667c       0x24 /home/niklas/Downloads/gcc-arm-none-eabi-4_8-2014q3/bin/../lib/gcc/arm-none-eabi/4.8.4/../../../../arm-none-eabi/lib/armv7e-m/fpu/libc_s.a(lib_a-readr.o)
                0x0800667c                _read_r
 *(.glue_7)
 .glue_7        0x00000000        0x0 linker stubs
 *(.glue_7t)
 .glue_7t       0x00000000        0x0 linker stubs
 *(.eh_frame)
 .eh_frame      0x080066a0        0x0 /home/niklas/Downloads/gcc-arm-none-eabi-4_8-2014q3/bin/../lib/gcc/arm-none-eabi/4.8.4/armv7e-m/fpu/crtbegin.o
 *(.init)
 .init          0x080066a0        0x4 /home/niklas/Downloads/gcc-arm-none-eabi-4_8-2014q3/bin/../lib/gcc/arm-none-eabi/4.8.4/armv7e-m/fpu/crti.o
                0x080066a0                _init
 .init          0x080066a4        0x8 /home/niklas/Downloads/gcc-arm-none-eabi-4_8-2014q3/bin/../lib/gcc/arm-none-eabi/4.8.4/armv7e-m/fpu/crtn.o
 *(.fini)
 .fini          0x080066ac        0x4 /home/niklas/Downloads/gcc-arm-none-eabi-4_8-2014q3/bin/../lib/gcc/arm-none-eabi/4.8.4/armv7e-m/fpu/crti.o
                0x080066ac                _fini
 .fini          0x080066b0        0x8 /home/niklas/Downloads/gcc-arm-none-eabi-4_8-2014q3/bin/../lib/gcc/arm-none-eabi/4.8.4/armv7e-m/fpu/crtn.o
                0x080066b8                . = ALIGN (0x4)
                0x080066b8                _etext = .

.vfp11_veneer   0x080066b8        0x0
 .vfp11_veneer  0x00000000        0x0 linker stubs

.v4_bx          0x080066b8        0x0
 .v4_bx         0x00000000        0x0 linker stubs

.iplt           0x080066b8        0x0
 .iplt          0x00000000        0x0 /home/niklas/Downloads/gcc-arm-none-eabi-4_8-2014q3/bin/../lib/gcc/arm-none-eabi/4.8.4/armv7e-m/fpu/crtbegin.o

.rodata         0x080066b8      0x2ec
                0x080066b8                . = ALIGN (0x4)
 *(.rodata)
 .rodata        0x080066b8       0x44 build/util.o
 *(.rodata*)
 .rodata.AHBPrescTable
                0x080066fc       0x10 build/system_stm32f3xx.o
                0x080066fc                AHBPrescTable
 .rodata.APBPrescTable
                0x0800670c        0x8 build/system_stm32f3xx.o
                0x0800670c                APBPrescTable
 .rodata.aPredivFactorTable
                0x08006714       0x10 build/stm32f3xx_hal_rcc.o
                0x08006714                aPredivFactorTable
 .rodata.aPLLMULFactorTable
                0x08006724       0x10 build/stm32f3xx_hal_rcc.o
                0x08006724                aPLLMULFactorTable
 .rodata.str1.4
                0x08006734       0x7e build/main.o
                                 0x80 (size before relaxing)
 *fill*         0x080067b2        0x2 
 .rodata.TimerIdxToTimerId
                0x080067b4       0x18 build/stm32f3xx_hal_hrtim.o
 .rodata.str1.4
                0x080067cc       0x18 build/stm32f3xx_hal_msp.o
 .rodata.str1.1
                0x080067e4        0x2 /home/niklas/Downloads/gcc-arm-none-eabi-4_8-2014q3/bin/../lib/gcc/arm-none-eabi/4.8.4/../../../../arm-none-eabi/lib/armv7e-m/fpu/libc_s.a(lib_a-impure.o)
 *fill*         0x080067e6        0x2 
 .rodata._global_impure_ptr
                0x080067e8        0x4 /home/niklas/Downloads/gcc-arm-none-eabi-4_8-2014q3/bin/../lib/gcc/arm-none-eabi/4.8.4/../../../../arm-none-eabi/lib/armv7e-m/fpu/libc_s.a(lib_a-impure.o)
                0x080067e8                _global_impure_ptr
 .rodata.str1.1
                0x080067ec       0x11 /home/niklas/Downloads/gcc-arm-none-eabi-4_8-2014q3/bin/../lib/gcc/arm-none-eabi/4.8.4/../../../../arm-none-eabi/lib/armv7e-m/fpu/libc_s.a(lib_a-vfprintf.o)
 .rodata.str1.1
                0x080067fd       0x12 /home/niklas/Downloads/gcc-arm-none-eabi-4_8-2014q3/bin/../lib/gcc/arm-none-eabi/4.8.4/../../../../arm-none-eabi/lib/armv7e-m/fpu/libc_s.a(lib_a-vfprintf_float.o)
 .rodata.str1.1
                0x0800680f       0x22 /home/niklas/Downloads/gcc-arm-none-eabi-4_8-2014q3/bin/../lib/gcc/arm-none-eabi/4.8.4/../../../../arm-none-eabi/lib/armv7e-m/fpu/libc_s.a(lib_a-vfprintf_i.o)
 .rodata.str1.1
                0x08006831        0xd /home/niklas/Downloads/gcc-arm-none-eabi-4_8-2014q3/bin/../lib/gcc/arm-none-eabi/4.8.4/../../../../arm-none-eabi/lib/armv7e-m/fpu/libc_s.a(lib_a-dtoa.o)
                                  0xf (size before relaxing)
 *fill*         0x0800683e        0x2 
 .rodata.__sf_fake_stdin
                0x08006840       0x20 /home/niklas/Downloads/gcc-arm-none-eabi-4_8-2014q3/bin/../lib/gcc/arm-none-eabi/4.8.4/../../../../arm-none-eabi/lib/armv7e-m/fpu/libc_s.a(lib_a-findfp.o)
                0x08006840                __sf_fake_stdin
 .rodata.__sf_fake_stdout
                0x08006860       0x20 /home/niklas/Downloads/gcc-arm-none-eabi-4_8-2014q3/bin/../lib/gcc/arm-none-eabi/4.8.4/../../../../arm-none-eabi/lib/armv7e-m/fpu/libc_s.a(lib_a-findfp.o)
                0x08006860                __sf_fake_stdout
 .rodata.__sf_fake_stderr
                0x08006880       0x20 /home/niklas/Downloads/gcc-arm-none-eabi-4_8-2014q3/bin/../lib/gcc/arm-none-eabi/4.8.4/../../../../arm-none-eabi/lib/armv7e-m/fpu/libc_s.a(lib_a-findfp.o)
                0x08006880                __sf_fake_stderr
 .rodata.str1.1
                0x080068a0        0x8 /home/niklas/Downloads/gcc-arm-none-eabi-4_8-2014q3/bin/../lib/gcc/arm-none-eabi/4.8.4/../../../../arm-none-eabi/lib/armv7e-m/fpu/libc_s.a(lib_a-locale.o)
                                  0xb (size before relaxing)
 .rodata.__mprec_tens
                0x080068a8       0xc8 /home/niklas/Downloads/gcc-arm-none-eabi-4_8-2014q3/bin/../lib/gcc/arm-none-eabi/4.8.4/../../../../arm-none-eabi/lib/armv7e-m/fpu/libc_s.a(lib_a-mprec.o)
                0x080068a8                __mprec_tens
 .rodata.__mprec_bigtens
                0x08006970       0x28 /home/niklas/Downloads/gcc-arm-none-eabi-4_8-2014q3/bin/../lib/gcc/arm-none-eabi/4.8.4/../../../../arm-none-eabi/lib/armv7e-m/fpu/libc_s.a(lib_a-mprec.o)
                0x08006970                __mprec_bigtens
 .rodata.p05.5281
                0x08006998        0xc /home/niklas/Downloads/gcc-arm-none-eabi-4_8-2014q3/bin/../lib/gcc/arm-none-eabi/4.8.4/../../../../arm-none-eabi/lib/armv7e-m/fpu/libc_s.a(lib_a-mprec.o)
                0x080069a4                . = ALIGN (0x4)

.rel.dyn        0x080069a4        0x0
 .rel.iplt      0x00000000        0x0 /home/niklas/Downloads/gcc-arm-none-eabi-4_8-2014q3/bin/../lib/gcc/arm-none-eabi/4.8.4/armv7e-m/fpu/crtbegin.o

.ARM.extab
 *(.ARM.extab* .gnu.linkonce.armextab.*)

.ARM            0x080069a4        0x0
                0x080069a4                __exidx_start = .
 *(.ARM.exidx*)
                0x080069a4                __exidx_end = .

.preinit_array  0x080069a4        0x0
                0x080069a4                PROVIDE (__preinit_array_start, .)
 *(.preinit_array*)
                0x080069a4                PROVIDE (__preinit_array_end, .)

.init_array     0x080069a4        0x4
                0x080069a4                PROVIDE (__init_array_start, .)
 *(SORT(.init_array.*))
 *(.init_array*)
 .init_array    0x080069a4        0x4 /home/niklas/Downloads/gcc-arm-none-eabi-4_8-2014q3/bin/../lib/gcc/arm-none-eabi/4.8.4/armv7e-m/fpu/crtbegin.o
                0x080069a8                PROVIDE (__init_array_end, .)

.fini_array     0x080069a8        0x4
                0x080069a8                PROVIDE (__fini_array_start, .)
 *(SORT(.fini_array.*))
 *(.fini_array*)
 .fini_array    0x080069a8        0x4 /home/niklas/Downloads/gcc-arm-none-eabi-4_8-2014q3/bin/../lib/gcc/arm-none-eabi/4.8.4/armv7e-m/fpu/crtbegin.o
                0x080069ac                PROVIDE (__fini_array_end, .)
                0x080069ac                _sidata = LOADADDR (.data)

.data           0x20000000       0xa0 load address 0x080069ac
                0x20000000                . = ALIGN (0x4)
                0x20000000                _sdata = .
 *(.data)
 *(.data*)
 .data.SystemCoreClock
                0x20000000        0x4 build/system_stm32f3xx.o
                0x20000000                SystemCoreClock
 .data.impure_data
                0x20000004       0x60 /home/niklas/Downloads/gcc-arm-none-eabi-4_8-2014q3/bin/../lib/gcc/arm-none-eabi/4.8.4/../../../../arm-none-eabi/lib/armv7e-m/fpu/libc_s.a(lib_a-impure.o)
 .data._impure_ptr
                0x20000064        0x4 /home/niklas/Downloads/gcc-arm-none-eabi-4_8-2014q3/bin/../lib/gcc/arm-none-eabi/4.8.4/../../../../arm-none-eabi/lib/armv7e-m/fpu/libc_s.a(lib_a-impure.o)
                0x20000064                _impure_ptr
 .data.lconv    0x20000068       0x38 /home/niklas/Downloads/gcc-arm-none-eabi-4_8-2014q3/bin/../lib/gcc/arm-none-eabi/4.8.4/../../../../arm-none-eabi/lib/armv7e-m/fpu/libc_s.a(lib_a-locale.o)
                0x200000a0                . = ALIGN (0x4)
                0x200000a0                _edata = .
                0x08006a4c                _siccmram = LOADADDR (.ccmram)

.jcr            0x200000a0        0x0 load address 0x08006a4c
 .jcr           0x200000a0        0x0 /home/niklas/Downloads/gcc-arm-none-eabi-4_8-2014q3/bin/../lib/gcc/arm-none-eabi/4.8.4/armv7e-m/fpu/crtbegin.o

.igot.plt       0x200000a0        0x0 load address 0x08006a4c
 .igot.plt      0x00000000        0x0 /home/niklas/Downloads/gcc-arm-none-eabi-4_8-2014q3/bin/../lib/gcc/arm-none-eabi/4.8.4/armv7e-m/fpu/crtbegin.o

.ccmram         0x10000000        0x0 load address 0x08006a4c
                0x10000000                . = ALIGN (0x4)
                0x10000000                _sccmram = .
 *(.ccmram)
 *(.ccmram*)
                0x10000000                . = ALIGN (0x4)
                0x10000000                _eccmram = .
                0x10000000                . = ALIGN (0x4)

.bss            0x200000a0      0x4f0
                0x200000a0                _sbss = .
                0x200000a0                __bss_start__ = _sbss
 *(.bss)
 .bss           0x200000a0       0x1c /home/niklas/Downloads/gcc-arm-none-eabi-4_8-2014q3/bin/../lib/gcc/arm-none-eabi/4.8.4/armv7e-m/fpu/crtbegin.o
 *(.bss*)
 .bss.heap_end.5582
                0x200000bc        0x4 build/syscalls.o
 .bss.HAL_RCC_ADC12_CLK_ENABLED
                0x200000c0        0x4 build/stm32f3xx_hal_msp.o
 .bss.__malloc_sbrk_start
                0x200000c4        0x4 /home/niklas/Downloads/gcc-arm-none-eabi-4_8-2014q3/bin/../lib/gcc/arm-none-eabi/4.8.4/../../../../arm-none-eabi/lib/armv7e-m/fpu/libc_s.a(lib_a-nano-mallocr.o)
                0x200000c4                __malloc_sbrk_start
 .bss.__malloc_free_list
                0x200000c8        0x4 /home/niklas/Downloads/gcc-arm-none-eabi-4_8-2014q3/bin/../lib/gcc/arm-none-eabi/4.8.4/../../../../arm-none-eabi/lib/armv7e-m/fpu/libc_s.a(lib_a-nano-mallocr.o)
                0x200000c8                __malloc_free_list
 *(COMMON)
 COMMON         0x200000cc        0x4 build/stm32f3xx_hal.o
                0x200000cc                uwTick
 COMMON         0x200000d0      0x4bc build/main.o
                0x200000d0                hdac2
                0x200000e4                hdac1
                0x200000f8                huart3
                0x20000168                hadc2
                0x200001bc                Iout
                0x200001c0                hcomp6
                0x200001ec                htim3
                0x2000022c                hcomp4
                0x20000258                hdma_usart1_tx
                0x2000029c                hadc1
                0x200002f0                hdma_usart1_rx
                0x20000334                hhrtim1
                0x20000410                huart1
                0x20000480                Temp2
                0x20000484                Vout
                0x20000488                hdma_adc1
                0x200004cc                esum
                0x200004d0                hcomp2
                0x200004fc                htim2
                0x2000053c                hdma_adc2
                0x20000580                duty
                0x20000584                Vin
                0x20000588                Temp1
 COMMON         0x2000058c        0x4 /home/niklas/Downloads/gcc-arm-none-eabi-4_8-2014q3/bin/../lib/gcc/arm-none-eabi/4.8.4/../../../../arm-none-eabi/lib/armv7e-m/fpu/libc_s.a(lib_a-reent.o)
                0x2000058c                errno
                0x20000590                . = ALIGN (0x4)
                0x20000590                _ebss = .
                0x20000590                __bss_end__ = _ebss

._user_heap_stack
                0x20000590      0x600
                0x20000590                . = ALIGN (0x8)
                0x20000590                PROVIDE (end, .)
                0x20000590                PROVIDE (_end, .)
                0x20000790                . = (. + _Min_Heap_Size)
 *fill*         0x20000590      0x200 
                0x20000b90                . = (. + _Min_Stack_Size)
 *fill*         0x20000790      0x400 
                0x20000b90                . = ALIGN (0x8)

/DISCARD/
 libc.a(*)
 libm.a(*)
 libgcc.a(*)

.ARM.attributes
                0x00000000       0x30
 *(.ARM.attributes)
 .ARM.attributes
                0x00000000       0x22 /home/niklas/Downloads/gcc-arm-none-eabi-4_8-2014q3/bin/../lib/gcc/arm-none-eabi/4.8.4/armv7e-m/fpu/crti.o
 .ARM.attributes
                0x00000022       0x34 /home/niklas/Downloads/gcc-arm-none-eabi-4_8-2014q3/bin/../lib/gcc/arm-none-eabi/4.8.4/armv7e-m/fpu/crtbegin.o
 .ARM.attributes
                0x00000056       0x39 build/stm32f3xx_it.o
 .ARM.attributes
                0x0000008f       0x39 build/stm32f3xx_hal_gpio.o
 .ARM.attributes
                0x000000c8       0x39 build/stm32f3xx_hal_uart.o
 .ARM.attributes
                0x00000101       0x39 build/stm32f3xx_hal_adc_ex.o
 .ARM.attributes
                0x0000013a       0x39 build/system_stm32f3xx.o
 .ARM.attributes
                0x00000173       0x39 build/stm32f3xx_hal_cortex.o
 .ARM.attributes
                0x000001ac       0x39 build/stm32f3xx_hal.o
 .ARM.attributes
                0x000001e5       0x39 build/stm32f3xx_hal_dma.o
 .ARM.attributes
                0x0000021e       0x39 build/stm32f3xx_hal_rcc.o
 .ARM.attributes
                0x00000257       0x39 build/main.o
 .ARM.attributes
                0x00000290       0x39 build/syscalls.o
 .ARM.attributes
                0x000002c9       0x39 build/comms.o
 .ARM.attributes
                0x00000302       0x39 build/util.o
 .ARM.attributes
                0x0000033b       0x39 build/stm32f3xx_hal_rcc_ex.o
 .ARM.attributes
                0x00000374       0x39 build/stm32f3xx_hal_adc.o
 .ARM.attributes
                0x000003ad       0x39 build/stm32f3xx_hal_hrtim.o
 .ARM.attributes
                0x000003e6       0x39 build/stm32f3xx_hal_msp.o
 .ARM.attributes
                0x0000041f       0x21 build/startup_stm32f334x8.o
 .ARM.attributes
                0x00000440       0x34 /home/niklas/Downloads/gcc-arm-none-eabi-4_8-2014q3/bin/../lib/gcc/arm-none-eabi/4.8.4/../../../../arm-none-eabi/lib/armv7e-m/fpu/libc_s.a(lib_a-errno.o)
 .ARM.attributes
                0x00000474       0x34 /home/niklas/Downloads/gcc-arm-none-eabi-4_8-2014q3/bin/../lib/gcc/arm-none-eabi/4.8.4/../../../../arm-none-eabi/lib/armv7e-m/fpu/libc_s.a(lib_a-impure.o)
 .ARM.attributes
                0x000004a8       0x34 /home/niklas/Downloads/gcc-arm-none-eabi-4_8-2014q3/bin/../lib/gcc/arm-none-eabi/4.8.4/../../../../arm-none-eabi/lib/armv7e-m/fpu/libc_s.a(lib_a-init.o)
 .ARM.attributes
                0x000004dc       0x34 /home/niklas/Downloads/gcc-arm-none-eabi-4_8-2014q3/bin/../lib/gcc/arm-none-eabi/4.8.4/../../../../arm-none-eabi/lib/armv7e-m/fpu/libc_s.a(lib_a-memcpy-stub.o)
 .ARM.attributes
                0x00000510       0x34 /home/niklas/Downloads/gcc-arm-none-eabi-4_8-2014q3/bin/../lib/gcc/arm-none-eabi/4.8.4/../../../../arm-none-eabi/lib/armv7e-m/fpu/libc_s.a(lib_a-memset.o)
 .ARM.attributes
                0x00000544       0x34 /home/niklas/Downloads/gcc-arm-none-eabi-4_8-2014q3/bin/../lib/gcc/arm-none-eabi/4.8.4/../../../../arm-none-eabi/lib/armv7e-m/fpu/libc_s.a(lib_a-printf.o)
 .ARM.attributes
                0x00000578       0x34 /home/niklas/Downloads/gcc-arm-none-eabi-4_8-2014q3/bin/../lib/gcc/arm-none-eabi/4.8.4/../../../../arm-none-eabi/lib/armv7e-m/fpu/libc_s.a(lib_a-vfprintf.o)
 .ARM.attributes
                0x000005ac       0x34 /home/niklas/Downloads/gcc-arm-none-eabi-4_8-2014q3/bin/../lib/gcc/arm-none-eabi/4.8.4/../../../../arm-none-eabi/lib/armv7e-m/fpu/libc_s.a(lib_a-vfprintf_float.o)
 .ARM.attributes
                0x000005e0       0x34 /home/niklas/Downloads/gcc-arm-none-eabi-4_8-2014q3/bin/../lib/gcc/arm-none-eabi/4.8.4/../../../../arm-none-eabi/lib/armv7e-m/fpu/libc_s.a(lib_a-vfprintf_i.o)
 .ARM.attributes
                0x00000614       0x34 /home/niklas/Downloads/gcc-arm-none-eabi-4_8-2014q3/bin/../lib/gcc/arm-none-eabi/4.8.4/../../../../arm-none-eabi/lib/armv7e-m/fpu/libc_s.a(lib_a-wbuf.o)
 .ARM.attributes
                0x00000648       0x34 /home/niklas/Downloads/gcc-arm-none-eabi-4_8-2014q3/bin/../lib/gcc/arm-none-eabi/4.8.4/../../../../arm-none-eabi/lib/armv7e-m/fpu/libc_s.a(lib_a-wsetup.o)
 .ARM.attributes
                0x0000067c       0x34 /home/niklas/Downloads/gcc-arm-none-eabi-4_8-2014q3/bin/../lib/gcc/arm-none-eabi/4.8.4/../../../../arm-none-eabi/lib/armv7e-m/fpu/libc_s.a(lib_a-dtoa.o)
 .ARM.attributes
                0x000006b0       0x34 /home/niklas/Downloads/gcc-arm-none-eabi-4_8-2014q3/bin/../lib/gcc/arm-none-eabi/4.8.4/../../../../arm-none-eabi/lib/armv7e-m/fpu/libc_s.a(lib_a-fflush.o)
 .ARM.attributes
                0x000006e4       0x34 /home/niklas/Downloads/gcc-arm-none-eabi-4_8-2014q3/bin/../lib/gcc/arm-none-eabi/4.8.4/../../../../arm-none-eabi/lib/armv7e-m/fpu/libc_s.a(lib_a-findfp.o)
 .ARM.attributes
                0x00000718       0x34 /home/niklas/Downloads/gcc-arm-none-eabi-4_8-2014q3/bin/../lib/gcc/arm-none-eabi/4.8.4/../../../../arm-none-eabi/lib/armv7e-m/fpu/libc_s.a(lib_a-locale.o)
 .ARM.attributes
                0x0000074c       0x34 /home/niklas/Downloads/gcc-arm-none-eabi-4_8-2014q3/bin/../lib/gcc/arm-none-eabi/4.8.4/../../../../arm-none-eabi/lib/armv7e-m/fpu/libc_s.a(lib_a-makebuf.o)
 .ARM.attributes
                0x00000780       0x34 /home/niklas/Downloads/gcc-arm-none-eabi-4_8-2014q3/bin/../lib/gcc/arm-none-eabi/4.8.4/../../../../arm-none-eabi/lib/armv7e-m/fpu/libc_s.a(lib_a-malloc.o)
 .ARM.attributes
                0x000007b4       0x34 /home/niklas/Downloads/gcc-arm-none-eabi-4_8-2014q3/bin/../lib/gcc/arm-none-eabi/4.8.4/../../../../arm-none-eabi/lib/armv7e-m/fpu/libc_s.a(lib_a-memchr-stub.o)
 .ARM.attributes
                0x000007e8       0x34 /home/niklas/Downloads/gcc-arm-none-eabi-4_8-2014q3/bin/../lib/gcc/arm-none-eabi/4.8.4/../../../../arm-none-eabi/lib/armv7e-m/fpu/libc_s.a(lib_a-mprec.o)
 .ARM.attributes
                0x0000081c       0x34 /home/niklas/Downloads/gcc-arm-none-eabi-4_8-2014q3/bin/../lib/gcc/arm-none-eabi/4.8.4/../../../../arm-none-eabi/lib/armv7e-m/fpu/libc_s.a(lib_a-nano-callocr.o)
 .ARM.attributes
                0x00000850       0x34 /home/niklas/Downloads/gcc-arm-none-eabi-4_8-2014q3/bin/../lib/gcc/arm-none-eabi/4.8.4/../../../../arm-none-eabi/lib/armv7e-m/fpu/libc_s.a(lib_a-nano-freer.o)
 .ARM.attributes
                0x00000884       0x34 /home/niklas/Downloads/gcc-arm-none-eabi-4_8-2014q3/bin/../lib/gcc/arm-none-eabi/4.8.4/../../../../arm-none-eabi/lib/armv7e-m/fpu/libc_s.a(lib_a-nano-mallocr.o)
 .ARM.attributes
                0x000008b8       0x34 /home/niklas/Downloads/gcc-arm-none-eabi-4_8-2014q3/bin/../lib/gcc/arm-none-eabi/4.8.4/../../../../arm-none-eabi/lib/armv7e-m/fpu/libc_s.a(lib_a-s_fpclassify.o)
 .ARM.attributes
                0x000008ec       0x34 /home/niklas/Downloads/gcc-arm-none-eabi-4_8-2014q3/bin/../lib/gcc/arm-none-eabi/4.8.4/../../../../arm-none-eabi/lib/armv7e-m/fpu/libc_s.a(lib_a-sbrkr.o)
 .ARM.attributes
                0x00000920       0x34 /home/niklas/Downloads/gcc-arm-none-eabi-4_8-2014q3/bin/../lib/gcc/arm-none-eabi/4.8.4/../../../../arm-none-eabi/lib/armv7e-m/fpu/libc_s.a(lib_a-stdio.o)
 .ARM.attributes
                0x00000954       0x34 /home/niklas/Downloads/gcc-arm-none-eabi-4_8-2014q3/bin/../lib/gcc/arm-none-eabi/4.8.4/../../../../arm-none-eabi/lib/armv7e-m/fpu/libc_s.a(lib_a-strlen.o)
 .ARM.attributes
                0x00000988       0x34 /home/niklas/Downloads/gcc-arm-none-eabi-4_8-2014q3/bin/../lib/gcc/arm-none-eabi/4.8.4/../../../../arm-none-eabi/lib/armv7e-m/fpu/libc_s.a(lib_a-writer.o)
 .ARM.attributes
                0x000009bc       0x34 /home/niklas/Downloads/gcc-arm-none-eabi-4_8-2014q3/bin/../lib/gcc/arm-none-eabi/4.8.4/../../../../arm-none-eabi/lib/armv7e-m/fpu/libc_s.a(lib_a-closer.o)
 .ARM.attributes
                0x000009f0       0x34 /home/niklas/Downloads/gcc-arm-none-eabi-4_8-2014q3/bin/../lib/gcc/arm-none-eabi/4.8.4/../../../../arm-none-eabi/lib/armv7e-m/fpu/libc_s.a(lib_a-fstatr.o)
 .ARM.attributes
                0x00000a24       0x34 /home/niklas/Downloads/gcc-arm-none-eabi-4_8-2014q3/bin/../lib/gcc/arm-none-eabi/4.8.4/../../../../arm-none-eabi/lib/armv7e-m/fpu/libc_s.a(lib_a-isattyr.o)
 .ARM.attributes
                0x00000a58       0x34 /home/niklas/Downloads/gcc-arm-none-eabi-4_8-2014q3/bin/../lib/gcc/arm-none-eabi/4.8.4/../../../../arm-none-eabi/lib/armv7e-m/fpu/libc_s.a(lib_a-lseekr.o)
 .ARM.attributes
                0x00000a8c       0x34 /home/niklas/Downloads/gcc-arm-none-eabi-4_8-2014q3/bin/../lib/gcc/arm-none-eabi/4.8.4/../../../../arm-none-eabi/lib/armv7e-m/fpu/libc_s.a(lib_a-readr.o)
 .ARM.attributes
                0x00000ac0       0x34 /home/niklas/Downloads/gcc-arm-none-eabi-4_8-2014q3/bin/../lib/gcc/arm-none-eabi/4.8.4/../../../../arm-none-eabi/lib/armv7e-m/fpu/libc_s.a(lib_a-reent.o)
 .ARM.attributes
                0x00000af4       0x22 /home/niklas/Downloads/gcc-arm-none-eabi-4_8-2014q3/bin/../lib/gcc/arm-none-eabi/4.8.4/armv7e-m/fpu/libgcc.a(_arm_addsubdf3.o)
 .ARM.attributes
                0x00000b16       0x22 /home/niklas/Downloads/gcc-arm-none-eabi-4_8-2014q3/bin/../lib/gcc/arm-none-eabi/4.8.4/armv7e-m/fpu/libgcc.a(_arm_muldivdf3.o)
 .ARM.attributes
                0x00000b38       0x22 /home/niklas/Downloads/gcc-arm-none-eabi-4_8-2014q3/bin/../lib/gcc/arm-none-eabi/4.8.4/armv7e-m/fpu/libgcc.a(_arm_cmpdf2.o)
 .ARM.attributes
                0x00000b5a       0x22 /home/niklas/Downloads/gcc-arm-none-eabi-4_8-2014q3/bin/../lib/gcc/arm-none-eabi/4.8.4/armv7e-m/fpu/libgcc.a(_arm_fixdfsi.o)
 .ARM.attributes
                0x00000b7c       0x22 /home/niklas/Downloads/gcc-arm-none-eabi-4_8-2014q3/bin/../lib/gcc/arm-none-eabi/4.8.4/armv7e-m/fpu/crtn.o
OUTPUT(build/array.elf elf32-littlearm)

.debug_info     0x00000000    0x1379c
 .debug_info    0x00000000      0x909 build/stm32f3xx_it.o
 .debug_info    0x00000909      0x7ab build/stm32f3xx_hal_gpio.o
 .debug_info    0x000010b4     0x1b68 build/stm32f3xx_hal_uart.o
 .debug_info    0x00002c1c     0x1c77 build/stm32f3xx_hal_adc_ex.o
 .debug_info    0x00004893      0x435 build/system_stm32f3xx.o
 .debug_info    0x00004cc8      0xced build/stm32f3xx_hal_cortex.o
 .debug_info    0x000059b5      0x75c build/stm32f3xx_hal.o
 .debug_info    0x00006111      0x850 build/stm32f3xx_hal_dma.o
 .debug_info    0x00006961     0x14c0 build/stm32f3xx_hal_rcc.o
 .debug_info    0x00007e21     0x3018 build/main.o
 .debug_info    0x0000ae39      0x79b build/syscalls.o
 .debug_info    0x0000b5d4      0x726 build/comms.o
 .debug_info    0x0000bcfa      0x1a4 build/util.o
 .debug_info    0x0000be9e      0x656 build/stm32f3xx_hal_rcc_ex.o
 .debug_info    0x0000c4f4      0xc13 build/stm32f3xx_hal_adc.o
 .debug_info    0x0000d107     0x422d build/stm32f3xx_hal_hrtim.o
 .debug_info    0x00011334     0x2411 build/stm32f3xx_hal_msp.o
 .debug_info    0x00013745       0x57 build/startup_stm32f334x8.o

.debug_abbrev   0x00000000     0x240b
 .debug_abbrev  0x00000000      0x1a8 build/stm32f3xx_it.o
 .debug_abbrev  0x000001a8      0x1fe build/stm32f3xx_hal_gpio.o
 .debug_abbrev  0x000003a6      0x278 build/stm32f3xx_hal_uart.o
 .debug_abbrev  0x0000061e      0x2ea build/stm32f3xx_hal_adc_ex.o
 .debug_abbrev  0x00000908      0x103 build/system_stm32f3xx.o
 .debug_abbrev  0x00000a0b      0x2a3 build/stm32f3xx_hal_cortex.o
 .debug_abbrev  0x00000cae      0x1e4 build/stm32f3xx_hal.o
 .debug_abbrev  0x00000e92      0x234 build/stm32f3xx_hal_dma.o
 .debug_abbrev  0x000010c6      0x321 build/stm32f3xx_hal_rcc.o
 .debug_abbrev  0x000013e7      0x325 build/main.o
 .debug_abbrev  0x0000170c      0x1d6 build/syscalls.o
 .debug_abbrev  0x000018e2      0x152 build/comms.o
 .debug_abbrev  0x00001a34      0x12b build/util.o
 .debug_abbrev  0x00001b5f      0x25b build/stm32f3xx_hal_rcc_ex.o
 .debug_abbrev  0x00001dba      0x15f build/stm32f3xx_hal_adc.o
 .debug_abbrev  0x00001f19      0x280 build/stm32f3xx_hal_hrtim.o
 .debug_abbrev  0x00002199      0x260 build/stm32f3xx_hal_msp.o
 .debug_abbrev  0x000023f9       0x12 build/startup_stm32f334x8.o

.debug_loc      0x00000000     0xcaef
 .debug_loc     0x00000000       0xc0 build/stm32f3xx_it.o
 .debug_loc     0x000000c0      0x39e build/stm32f3xx_hal_gpio.o
 .debug_loc     0x0000045e     0x1843 build/stm32f3xx_hal_uart.o
 .debug_loc     0x00001ca1     0x1fdc build/stm32f3xx_hal_adc_ex.o
 .debug_loc     0x00003c7d      0x116 build/system_stm32f3xx.o
 .debug_loc     0x00003d93      0x561 build/stm32f3xx_hal_cortex.o
 .debug_loc     0x000042f4       0xd7 build/stm32f3xx_hal.o
 .debug_loc     0x000043cb      0x768 build/stm32f3xx_hal_dma.o
 .debug_loc     0x00004b33      0xfaa build/stm32f3xx_hal_rcc.o
 .debug_loc     0x00005add      0x22c build/main.o
 .debug_loc     0x00005d09      0x4f8 build/syscalls.o
 .debug_loc     0x00006201       0x57 build/comms.o
 .debug_loc     0x00006258       0xdd build/util.o
 .debug_loc     0x00006335      0x5df build/stm32f3xx_hal_rcc_ex.o
 .debug_loc     0x00006914      0x1ef build/stm32f3xx_hal_adc.o
 .debug_loc     0x00006b03     0x5b02 build/stm32f3xx_hal_hrtim.o
 .debug_loc     0x0000c605      0x4ea build/stm32f3xx_hal_msp.o

.debug_aranges  0x00000000      0xdd8
 .debug_aranges
                0x00000000       0x88 build/stm32f3xx_it.o
 .debug_aranges
                0x00000088       0x58 build/stm32f3xx_hal_gpio.o
 .debug_aranges
                0x000000e0      0x1f0 build/stm32f3xx_hal_uart.o
 .debug_aranges
                0x000002d0      0x168 build/stm32f3xx_hal_adc_ex.o
 .debug_aranges
                0x00000438       0x28 build/system_stm32f3xx.o
 .debug_aranges
                0x00000460       0x90 build/stm32f3xx_hal_cortex.o
 .debug_aranges
                0x000004f0       0xb0 build/stm32f3xx_hal.o
 .debug_aranges
                0x000005a0       0x88 build/stm32f3xx_hal_dma.o
 .debug_aranges
                0x00000628       0x88 build/stm32f3xx_hal_rcc.o
 .debug_aranges
                0x000006b0       0x70 build/main.o
 .debug_aranges
                0x00000720       0xb0 build/syscalls.o
 .debug_aranges
                0x000007d0       0x20 build/comms.o
 .debug_aranges
                0x000007f0       0x20 build/util.o
 .debug_aranges
                0x00000810       0x38 build/stm32f3xx_hal_rcc_ex.o
 .debug_aranges
                0x00000848       0xc8 build/stm32f3xx_hal_adc.o
 .debug_aranges
                0x00000910      0x410 build/stm32f3xx_hal_hrtim.o
 .debug_aranges
                0x00000d20       0x90 build/stm32f3xx_hal_msp.o
 .debug_aranges
                0x00000db0       0x28 build/startup_stm32f334x8.o

.debug_ranges   0x00000000      0xe40
 .debug_ranges  0x00000000       0x78 build/stm32f3xx_it.o
 .debug_ranges  0x00000078       0x60 build/stm32f3xx_hal_gpio.o
 .debug_ranges  0x000000d8      0x1e0 build/stm32f3xx_hal_uart.o
 .debug_ranges  0x000002b8      0x158 build/stm32f3xx_hal_adc_ex.o
 .debug_ranges  0x00000410       0x18 build/system_stm32f3xx.o
 .debug_ranges  0x00000428       0x80 build/stm32f3xx_hal_cortex.o
 .debug_ranges  0x000004a8       0xa0 build/stm32f3xx_hal.o
 .debug_ranges  0x00000548       0x78 build/stm32f3xx_hal_dma.o
 .debug_ranges  0x000005c0      0x198 build/stm32f3xx_hal_rcc.o
 .debug_ranges  0x00000758       0x78 build/main.o
 .debug_ranges  0x000007d0       0xa0 build/syscalls.o
 .debug_ranges  0x00000870       0x10 build/comms.o
 .debug_ranges  0x00000880       0x10 build/util.o
 .debug_ranges  0x00000890       0x58 build/stm32f3xx_hal_rcc_ex.o
 .debug_ranges  0x000008e8       0xb8 build/stm32f3xx_hal_adc.o
 .debug_ranges  0x000009a0      0x400 build/stm32f3xx_hal_hrtim.o
 .debug_ranges  0x00000da0       0x80 build/stm32f3xx_hal_msp.o
 .debug_ranges  0x00000e20       0x20 build/startup_stm32f334x8.o

.debug_line     0x00000000     0x6851
 .debug_line    0x00000000      0x2e4 build/stm32f3xx_it.o
 .debug_line    0x000002e4      0x312 build/stm32f3xx_hal_gpio.o
 .debug_line    0x000005f6      0xbcd build/stm32f3xx_hal_uart.o
 .debug_line    0x000011c3      0xf41 build/stm32f3xx_hal_adc_ex.o
 .debug_line    0x00002104      0x18e build/system_stm32f3xx.o
 .debug_line    0x00002292      0x31c build/stm32f3xx_hal_cortex.o
 .debug_line    0x000025ae      0x32c build/stm32f3xx_hal.o
 .debug_line    0x000028da      0x428 build/stm32f3xx_hal_dma.o
 .debug_line    0x00002d02      0x828 build/stm32f3xx_hal_rcc.o
 .debug_line    0x0000352a      0x4ca build/main.o
 .debug_line    0x000039f4      0x22f build/syscalls.o
 .debug_line    0x00003c23      0x1bf build/comms.o
 .debug_line    0x00003de2      0x129 build/util.o
 .debug_line    0x00003f0b      0x3ca build/stm32f3xx_hal_rcc_ex.o
 .debug_line    0x000042d5      0x378 build/stm32f3xx_hal_adc.o
 .debug_line    0x0000464d     0x1d4a build/stm32f3xx_hal_hrtim.o
 .debug_line    0x00006397      0x446 build/stm32f3xx_hal_msp.o
 .debug_line    0x000067dd       0x74 build/startup_stm32f334x8.o

.debug_str      0x00000000     0x4d10
 .debug_str     0x00000000      0x73f build/stm32f3xx_it.o
                                0x7f6 (size before relaxing)
 .debug_str     0x0000073f      0x28e build/stm32f3xx_hal_gpio.o
                                0x54f (size before relaxing)
 .debug_str     0x000009cd      0x9d1 build/stm32f3xx_hal_uart.o
                                0xee3 (size before relaxing)
 .debug_str     0x0000139e      0x837 build/stm32f3xx_hal_adc_ex.o
                                0xf87 (size before relaxing)
 .debug_str     0x00001bd5       0xc7 build/system_stm32f3xx.o
                                0x377 (size before relaxing)
 .debug_str     0x00001c9c      0x5ff build/stm32f3xx_hal_cortex.o
                                0x9e1 (size before relaxing)
 .debug_str     0x0000229b      0x1cd build/stm32f3xx_hal.o
                                0x897 (size before relaxing)
 .debug_str     0x00002468      0x1ec build/stm32f3xx_hal_dma.o
                                0x6c4 (size before relaxing)
 .debug_str     0x00002654      0x2bd build/stm32f3xx_hal_rcc.o
                                0x6fa (size before relaxing)
 .debug_str     0x00002911      0xdaa build/main.o
                               0x1fca (size before relaxing)
 .debug_str     0x000036bb      0x211 build/syscalls.o
                                0x447 (size before relaxing)
 .debug_str     0x000038cc        0xc build/comms.o
                                0x719 (size before relaxing)
 .debug_str     0x000038d8       0x17 build/util.o
                                0x24c (size before relaxing)
 .debug_str     0x000038ef       0xbb build/stm32f3xx_hal_rcc_ex.o
                                0x530 (size before relaxing)
 .debug_str     0x000039aa       0x57 build/stm32f3xx_hal_adc.o
                                0x94a (size before relaxing)
 .debug_str     0x00003a01     0x123d build/stm32f3xx_hal_hrtim.o
                               0x1f6b (size before relaxing)
 .debug_str     0x00004c3e       0xd2 build/stm32f3xx_hal_msp.o
                               0x1762 (size before relaxing)

.comment        0x00000000       0x70
 .comment       0x00000000       0x70 build/stm32f3xx_it.o
                                 0x71 (size before relaxing)
 .comment       0x00000000       0x71 build/stm32f3xx_hal_gpio.o
 .comment       0x00000000       0x71 build/stm32f3xx_hal_uart.o
 .comment       0x00000000       0x71 build/stm32f3xx_hal_adc_ex.o
 .comment       0x00000000       0x71 build/system_stm32f3xx.o
 .comment       0x00000000       0x71 build/stm32f3xx_hal_cortex.o
 .comment       0x00000000       0x71 build/stm32f3xx_hal.o
 .comment       0x00000000       0x71 build/stm32f3xx_hal_dma.o
 .comment       0x00000000       0x71 build/stm32f3xx_hal_rcc.o
 .comment       0x00000000       0x71 build/main.o
 .comment       0x00000000       0x71 build/syscalls.o
 .comment       0x00000000       0x71 build/comms.o
 .comment       0x00000000       0x71 build/util.o
 .comment       0x00000000       0x71 build/stm32f3xx_hal_rcc_ex.o
 .comment       0x00000000       0x71 build/stm32f3xx_hal_adc.o
 .comment       0x00000000       0x71 build/stm32f3xx_hal_hrtim.o
 .comment       0x00000000       0x71 build/stm32f3xx_hal_msp.o

.debug_frame    0x00000000     0x3044
 .debug_frame   0x00000000      0x138 build/stm32f3xx_it.o
 .debug_frame   0x00000138       0xdc build/stm32f3xx_hal_gpio.o
 .debug_frame   0x00000214      0x5b4 build/stm32f3xx_hal_uart.o
 .debug_frame   0x000007c8      0x4b0 build/stm32f3xx_hal_adc_ex.o
 .debug_frame   0x00000c78       0x30 build/system_stm32f3xx.o
 .debug_frame   0x00000ca8      0x124 build/stm32f3xx_hal_cortex.o
 .debug_frame   0x00000dcc      0x170 build/stm32f3xx_hal.o
 .debug_frame   0x00000f3c      0x170 build/stm32f3xx_hal_dma.o
 .debug_frame   0x000010ac      0x15c build/stm32f3xx_hal_rcc.o
 .debug_frame   0x00001208      0x178 build/main.o
 .debug_frame   0x00001380      0x1d4 build/syscalls.o
 .debug_frame   0x00001554       0x2c build/comms.o
 .debug_frame   0x00001580       0x30 build/util.o
 .debug_frame   0x000015b0       0x80 build/stm32f3xx_hal_rcc_ex.o
 .debug_frame   0x00001630      0x170 build/stm32f3xx_hal_adc.o
 .debug_frame   0x000017a0      0xc14 build/stm32f3xx_hal_hrtim.o
 .debug_frame   0x000023b4      0x1a4 build/stm32f3xx_hal_msp.o
 .debug_frame   0x00002558       0x20 /home/niklas/Downloads/gcc-arm-none-eabi-4_8-2014q3/bin/../lib/gcc/arm-none-eabi/4.8.4/../../../../arm-none-eabi/lib/armv7e-m/fpu/libc_s.a(lib_a-errno.o)
 .debug_frame   0x00002578       0x2c /home/niklas/Downloads/gcc-arm-none-eabi-4_8-2014q3/bin/../lib/gcc/arm-none-eabi/4.8.4/../../../../arm-none-eabi/lib/armv7e-m/fpu/libc_s.a(lib_a-init.o)
 .debug_frame   0x000025a4       0x28 /home/niklas/Downloads/gcc-arm-none-eabi-4_8-2014q3/bin/../lib/gcc/arm-none-eabi/4.8.4/../../../../arm-none-eabi/lib/armv7e-m/fpu/libc_s.a(lib_a-memcpy-stub.o)
 .debug_frame   0x000025cc       0x20 /home/niklas/Downloads/gcc-arm-none-eabi-4_8-2014q3/bin/../lib/gcc/arm-none-eabi/4.8.4/../../../../arm-none-eabi/lib/armv7e-m/fpu/libc_s.a(lib_a-memset.o)
 .debug_frame   0x000025ec       0x60 /home/niklas/Downloads/gcc-arm-none-eabi-4_8-2014q3/bin/../lib/gcc/arm-none-eabi/4.8.4/../../../../arm-none-eabi/lib/armv7e-m/fpu/libc_s.a(lib_a-printf.o)
 .debug_frame   0x0000264c       0xa8 /home/niklas/Downloads/gcc-arm-none-eabi-4_8-2014q3/bin/../lib/gcc/arm-none-eabi/4.8.4/../../../../arm-none-eabi/lib/armv7e-m/fpu/libc_s.a(lib_a-vfprintf.o)
 .debug_frame   0x000026f4       0x80 /home/niklas/Downloads/gcc-arm-none-eabi-4_8-2014q3/bin/../lib/gcc/arm-none-eabi/4.8.4/../../../../arm-none-eabi/lib/armv7e-m/fpu/libc_s.a(lib_a-vfprintf_float.o)
 .debug_frame   0x00002774       0x60 /home/niklas/Downloads/gcc-arm-none-eabi-4_8-2014q3/bin/../lib/gcc/arm-none-eabi/4.8.4/../../../../arm-none-eabi/lib/armv7e-m/fpu/libc_s.a(lib_a-vfprintf_i.o)
 .debug_frame   0x000027d4       0x3c /home/niklas/Downloads/gcc-arm-none-eabi-4_8-2014q3/bin/../lib/gcc/arm-none-eabi/4.8.4/../../../../arm-none-eabi/lib/armv7e-m/fpu/libc_s.a(lib_a-wbuf.o)
 .debug_frame   0x00002810       0x2c /home/niklas/Downloads/gcc-arm-none-eabi-4_8-2014q3/bin/../lib/gcc/arm-none-eabi/4.8.4/../../../../arm-none-eabi/lib/armv7e-m/fpu/libc_s.a(lib_a-wsetup.o)
 .debug_frame   0x0000283c       0x68 /home/niklas/Downloads/gcc-arm-none-eabi-4_8-2014q3/bin/../lib/gcc/arm-none-eabi/4.8.4/../../../../arm-none-eabi/lib/armv7e-m/fpu/libc_s.a(lib_a-dtoa.o)
 .debug_frame   0x000028a4       0x5c /home/niklas/Downloads/gcc-arm-none-eabi-4_8-2014q3/bin/../lib/gcc/arm-none-eabi/4.8.4/../../../../arm-none-eabi/lib/armv7e-m/fpu/libc_s.a(lib_a-fflush.o)
 .debug_frame   0x00002900      0x12c /home/niklas/Downloads/gcc-arm-none-eabi-4_8-2014q3/bin/../lib/gcc/arm-none-eabi/4.8.4/../../../../arm-none-eabi/lib/armv7e-m/fpu/libc_s.a(lib_a-findfp.o)
 .debug_frame   0x00002a2c       0x98 /home/niklas/Downloads/gcc-arm-none-eabi-4_8-2014q3/bin/../lib/gcc/arm-none-eabi/4.8.4/../../../../arm-none-eabi/lib/armv7e-m/fpu/libc_s.a(lib_a-locale.o)
 .debug_frame   0x00002ac4       0x30 /home/niklas/Downloads/gcc-arm-none-eabi-4_8-2014q3/bin/../lib/gcc/arm-none-eabi/4.8.4/../../../../arm-none-eabi/lib/armv7e-m/fpu/libc_s.a(lib_a-makebuf.o)
 .debug_frame   0x00002af4       0x30 /home/niklas/Downloads/gcc-arm-none-eabi-4_8-2014q3/bin/../lib/gcc/arm-none-eabi/4.8.4/../../../../arm-none-eabi/lib/armv7e-m/fpu/libc_s.a(lib_a-malloc.o)
 .debug_frame   0x00002b24       0x28 /home/niklas/Downloads/gcc-arm-none-eabi-4_8-2014q3/bin/../lib/gcc/arm-none-eabi/4.8.4/../../../../arm-none-eabi/lib/armv7e-m/fpu/libc_s.a(lib_a-memchr-stub.o)
 .debug_frame   0x00002b4c      0x230 /home/niklas/Downloads/gcc-arm-none-eabi-4_8-2014q3/bin/../lib/gcc/arm-none-eabi/4.8.4/../../../../arm-none-eabi/lib/armv7e-m/fpu/libc_s.a(lib_a-mprec.o)
 .debug_frame   0x00002d7c       0x2c /home/niklas/Downloads/gcc-arm-none-eabi-4_8-2014q3/bin/../lib/gcc/arm-none-eabi/4.8.4/../../../../arm-none-eabi/lib/armv7e-m/fpu/libc_s.a(lib_a-nano-callocr.o)
 .debug_frame   0x00002da8       0x2c /home/niklas/Downloads/gcc-arm-none-eabi-4_8-2014q3/bin/../lib/gcc/arm-none-eabi/4.8.4/../../../../arm-none-eabi/lib/armv7e-m/fpu/libc_s.a(lib_a-nano-freer.o)
 .debug_frame   0x00002dd4       0x2c /home/niklas/Downloads/gcc-arm-none-eabi-4_8-2014q3/bin/../lib/gcc/arm-none-eabi/4.8.4/../../../../arm-none-eabi/lib/armv7e-m/fpu/libc_s.a(lib_a-nano-mallocr.o)
 .debug_frame   0x00002e00       0x28 /home/niklas/Downloads/gcc-arm-none-eabi-4_8-2014q3/bin/../lib/gcc/arm-none-eabi/4.8.4/../../../../arm-none-eabi/lib/armv7e-m/fpu/libc_s.a(lib_a-s_fpclassify.o)
 .debug_frame   0x00002e28       0x2c /home/niklas/Downloads/gcc-arm-none-eabi-4_8-2014q3/bin/../lib/gcc/arm-none-eabi/4.8.4/../../../../arm-none-eabi/lib/armv7e-m/fpu/libc_s.a(lib_a-sbrkr.o)
 .debug_frame   0x00002e54       0x80 /home/niklas/Downloads/gcc-arm-none-eabi-4_8-2014q3/bin/../lib/gcc/arm-none-eabi/4.8.4/../../../../arm-none-eabi/lib/armv7e-m/fpu/libc_s.a(lib_a-stdio.o)
 .debug_frame   0x00002ed4       0x20 /home/niklas/Downloads/gcc-arm-none-eabi-4_8-2014q3/bin/../lib/gcc/arm-none-eabi/4.8.4/../../../../arm-none-eabi/lib/armv7e-m/fpu/libc_s.a(lib_a-strlen.o)
 .debug_frame   0x00002ef4       0x2c /home/niklas/Downloads/gcc-arm-none-eabi-4_8-2014q3/bin/../lib/gcc/arm-none-eabi/4.8.4/../../../../arm-none-eabi/lib/armv7e-m/fpu/libc_s.a(lib_a-writer.o)
 .debug_frame   0x00002f20       0x2c /home/niklas/Downloads/gcc-arm-none-eabi-4_8-2014q3/bin/../lib/gcc/arm-none-eabi/4.8.4/../../../../arm-none-eabi/lib/armv7e-m/fpu/libc_s.a(lib_a-closer.o)
 .debug_frame   0x00002f4c       0x2c /home/niklas/Downloads/gcc-arm-none-eabi-4_8-2014q3/bin/../lib/gcc/arm-none-eabi/4.8.4/../../../../arm-none-eabi/lib/armv7e-m/fpu/libc_s.a(lib_a-fstatr.o)
 .debug_frame   0x00002f78       0x2c /home/niklas/Downloads/gcc-arm-none-eabi-4_8-2014q3/bin/../lib/gcc/arm-none-eabi/4.8.4/../../../../arm-none-eabi/lib/armv7e-m/fpu/libc_s.a(lib_a-isattyr.o)
 .debug_frame   0x00002fa4       0x2c /home/niklas/Downloads/gcc-arm-none-eabi-4_8-2014q3/bin/../lib/gcc/arm-none-eabi/4.8.4/../../../../arm-none-eabi/lib/armv7e-m/fpu/libc_s.a(lib_a-lseekr.o)
 .debug_frame   0x00002fd0       0x2c /home/niklas/Downloads/gcc-arm-none-eabi-4_8-2014q3/bin/../lib/gcc/arm-none-eabi/4.8.4/../../../../arm-none-eabi/lib/armv7e-m/fpu/libc_s.a(lib_a-readr.o)
 .debug_frame   0x00002ffc       0x48 /home/niklas/Downloads/gcc-arm-none-eabi-4_8-2014q3/bin/../lib/gcc/arm-none-eabi/4.8.4/../../../../arm-none-eabi/lib/armv7e-m/fpu/libc_s.a(lib_a-reent.o)

Cross Reference Table

Symbol                                            File
ADC1_2_IRQHandler                                 build/stm32f3xx_it.o
AHBPrescTable                                     build/system_stm32f3xx.o
                                                  build/stm32f3xx_hal_rcc.o
APBPrescTable                                     build/system_stm32f3xx.o
                                                  build/stm32f3xx_hal_rcc.o
BusFault_Handler                                  build/stm32f3xx_it.o
CAN_RX0_IRQHandler                                build/startup_stm32f334x8.o
CAN_RX1_IRQHandler                                build/startup_stm32f334x8.o
CAN_SCE_IRQHandler                                build/startup_stm32f334x8.o
CAN_TX_IRQHandler                                 build/startup_stm32f334x8.o
COMP2_IRQHandler                                  build/startup_stm32f334x8.o
COMP4_6_IRQHandler                                build/startup_stm32f334x8.o
DCDC_Reg                                          build/main.o
                                                  build/stm32f3xx_it.o
DMA1_Channel1_IRQHandler                          build/stm32f3xx_it.o
DMA1_Channel2_IRQHandler                          build/stm32f3xx_it.o
DMA1_Channel3_IRQHandler                          build/startup_stm32f334x8.o
DMA1_Channel4_IRQHandler                          build/stm32f3xx_it.o
DMA1_Channel5_IRQHandler                          build/stm32f3xx_it.o
DMA1_Channel6_IRQHandler                          build/startup_stm32f334x8.o
DMA1_Channel7_IRQHandler                          build/startup_stm32f334x8.o
DebugMon_Handler                                  build/stm32f3xx_it.o
Default_Handler                                   build/startup_stm32f334x8.o
EXTI0_IRQHandler                                  build/startup_stm32f334x8.o
EXTI15_10_IRQHandler                              build/startup_stm32f334x8.o
EXTI1_IRQHandler                                  build/startup_stm32f334x8.o
EXTI2_TSC_IRQHandler                              build/startup_stm32f334x8.o
EXTI3_IRQHandler                                  build/startup_stm32f334x8.o
EXTI4_IRQHandler                                  build/startup_stm32f334x8.o
EXTI9_5_IRQHandler                                build/startup_stm32f334x8.o
FLASH_IRQHandler                                  build/startup_stm32f334x8.o
FLASH_PageErase                                   build/stm32f3xx_hal_flash_ex.o
                                                  build/stm32f3xx_hal_flash.o
FLASH_WaitForLastOperation                        build/stm32f3xx_hal_flash.o
                                                  build/stm32f3xx_hal_flash_ex.o
FPU_IRQHandler                                    build/startup_stm32f334x8.o
HAL_ADCEx_Calibration_GetValue                    build/stm32f3xx_hal_adc_ex.o
HAL_ADCEx_Calibration_SetValue                    build/stm32f3xx_hal_adc_ex.o
HAL_ADCEx_Calibration_Start                       build/stm32f3xx_hal_adc_ex.o
                                                  build/main.o
HAL_ADCEx_InjectedConfigChannel                   build/stm32f3xx_hal_adc_ex.o
                                                  build/main.o
HAL_ADCEx_InjectedConvCpltCallback                build/stm32f3xx_hal_adc_ex.o
HAL_ADCEx_InjectedGetValue                        build/stm32f3xx_hal_adc_ex.o
                                                  build/main.o
HAL_ADCEx_InjectedPollForConversion               build/stm32f3xx_hal_adc_ex.o
HAL_ADCEx_InjectedQueueOverflowCallback           build/stm32f3xx_hal_adc_ex.o
HAL_ADCEx_InjectedStart                           build/stm32f3xx_hal_adc_ex.o
                                                  build/main.o
HAL_ADCEx_InjectedStart_IT                        build/stm32f3xx_hal_adc_ex.o
HAL_ADCEx_InjectedStop                            build/stm32f3xx_hal_adc_ex.o
HAL_ADCEx_InjectedStop_IT                         build/stm32f3xx_hal_adc_ex.o
HAL_ADCEx_LevelOutOfWindow2Callback               build/stm32f3xx_hal_adc_ex.o
HAL_ADCEx_LevelOutOfWindow3Callback               build/stm32f3xx_hal_adc_ex.o
HAL_ADCEx_MultiModeConfigChannel                  build/stm32f3xx_hal_adc_ex.o
                                                  build/main.o
HAL_ADCEx_MultiModeGetValue                       build/stm32f3xx_hal_adc_ex.o
HAL_ADCEx_MultiModeStart_DMA                      build/stm32f3xx_hal_adc_ex.o
HAL_ADCEx_MultiModeStop_DMA                       build/stm32f3xx_hal_adc_ex.o
HAL_ADCEx_RegularMultiModeStop_DMA                build/stm32f3xx_hal_adc_ex.o
HAL_ADCEx_RegularStop                             build/stm32f3xx_hal_adc_ex.o
HAL_ADCEx_RegularStop_DMA                         build/stm32f3xx_hal_adc_ex.o
HAL_ADCEx_RegularStop_IT                          build/stm32f3xx_hal_adc_ex.o
HAL_ADC_AnalogWDGConfig                           build/stm32f3xx_hal_adc_ex.o
HAL_ADC_ConfigChannel                             build/stm32f3xx_hal_adc_ex.o
HAL_ADC_ConvCpltCallback                          build/stm32f3xx_hal_adc.o
                                                  build/stm32f3xx_hal_adc_ex.o
HAL_ADC_ConvHalfCpltCallback                      build/stm32f3xx_hal_adc.o
                                                  build/stm32f3xx_hal_adc_ex.o
HAL_ADC_DeInit                                    build/stm32f3xx_hal_adc_ex.o
HAL_ADC_ErrorCallback                             build/stm32f3xx_hal_adc.o
                                                  build/stm32f3xx_hal_adc_ex.o
HAL_ADC_GetError                                  build/stm32f3xx_hal_adc.o
HAL_ADC_GetState                                  build/stm32f3xx_hal_adc.o
HAL_ADC_GetValue                                  build/stm32f3xx_hal_adc_ex.o
HAL_ADC_IRQHandler                                build/stm32f3xx_hal_adc_ex.o
                                                  build/stm32f3xx_it.o
HAL_ADC_Init                                      build/stm32f3xx_hal_adc_ex.o
                                                  build/main.o
HAL_ADC_LevelOutOfWindowCallback                  build/stm32f3xx_hal_adc.o
                                                  build/stm32f3xx_hal_adc_ex.o
HAL_ADC_MspDeInit                                 build/stm32f3xx_hal_msp.o
                                                  build/stm32f3xx_hal_adc.o
                                                  build/stm32f3xx_hal_adc_ex.o
HAL_ADC_MspInit                                   build/stm32f3xx_hal_msp.o
                                                  build/stm32f3xx_hal_adc.o
                                                  build/stm32f3xx_hal_adc_ex.o
HAL_ADC_PollForConversion                         build/stm32f3xx_hal_adc_ex.o
HAL_ADC_PollForEvent                              build/stm32f3xx_hal_adc_ex.o
HAL_ADC_Start                                     build/stm32f3xx_hal_adc_ex.o
HAL_ADC_Start_DMA                                 build/stm32f3xx_hal_adc_ex.o
HAL_ADC_Start_IT                                  build/stm32f3xx_hal_adc_ex.o
HAL_ADC_Stop                                      build/stm32f3xx_hal_adc_ex.o
HAL_ADC_Stop_DMA                                  build/stm32f3xx_hal_adc_ex.o
HAL_ADC_Stop_IT                                   build/stm32f3xx_hal_adc_ex.o
HAL_COMP_DeInit                                   build/stm32f3xx_hal_comp.o
HAL_COMP_GetOutputLevel                           build/stm32f3xx_hal_comp.o
HAL_COMP_GetState                                 build/stm32f3xx_hal_comp.o
HAL_COMP_IRQHandler                               build/stm32f3xx_hal_comp.o
HAL_COMP_Init                                     build/stm32f3xx_hal_comp.o
HAL_COMP_Lock                                     build/stm32f3xx_hal_comp.o
HAL_COMP_MspDeInit                                build/stm32f3xx_hal_msp.o
                                                  build/stm32f3xx_hal_comp.o
HAL_COMP_MspInit                                  build/stm32f3xx_hal_msp.o
                                                  build/stm32f3xx_hal_comp.o
HAL_COMP_Start                                    build/stm32f3xx_hal_comp.o
HAL_COMP_Start_IT                                 build/stm32f3xx_hal_comp.o
HAL_COMP_Stop                                     build/stm32f3xx_hal_comp.o
HAL_COMP_Stop_IT                                  build/stm32f3xx_hal_comp.o
HAL_COMP_TriggerCallback                          build/stm32f3xx_hal_comp.o
HAL_DACEx_ConvCpltCallbackCh2                     build/stm32f3xx_hal_dac_ex.o
HAL_DACEx_ConvHalfCpltCallbackCh2                 build/stm32f3xx_hal_dac_ex.o
HAL_DACEx_DMAUnderrunCallbackCh2                  build/stm32f3xx_hal_dac_ex.o
HAL_DACEx_DualGetValue                            build/stm32f3xx_hal_dac_ex.o
HAL_DACEx_DualSetValue                            build/stm32f3xx_hal_dac_ex.o
HAL_DACEx_ErrorCallbackCh2                        build/stm32f3xx_hal_dac_ex.o
HAL_DACEx_NoiseWaveGenerate                       build/stm32f3xx_hal_dac_ex.o
HAL_DACEx_TriangleWaveGenerate                    build/stm32f3xx_hal_dac_ex.o
HAL_DAC_ConfigChannel                             build/stm32f3xx_hal_dac_ex.o
HAL_DAC_ConvCpltCallbackCh1                       build/stm32f3xx_hal_dac.o
                                                  build/stm32f3xx_hal_dac_ex.o
HAL_DAC_ConvHalfCpltCallbackCh1                   build/stm32f3xx_hal_dac.o
                                                  build/stm32f3xx_hal_dac_ex.o
HAL_DAC_DMAUnderrunCallbackCh1                    build/stm32f3xx_hal_dac.o
                                                  build/stm32f3xx_hal_dac_ex.o
HAL_DAC_DeInit                                    build/stm32f3xx_hal_dac.o
HAL_DAC_ErrorCallbackCh1                          build/stm32f3xx_hal_dac.o
                                                  build/stm32f3xx_hal_dac_ex.o
HAL_DAC_GetError                                  build/stm32f3xx_hal_dac.o
HAL_DAC_GetState                                  build/stm32f3xx_hal_dac.o
HAL_DAC_GetValue                                  build/stm32f3xx_hal_dac_ex.o
HAL_DAC_IRQHandler                                build/stm32f3xx_hal_dac_ex.o
HAL_DAC_Init                                      build/stm32f3xx_hal_dac.o
HAL_DAC_MspDeInit                                 build/stm32f3xx_hal_msp.o
HAL_DAC_MspInit                                   build/stm32f3xx_hal_msp.o
HAL_DAC_SetValue                                  build/stm32f3xx_hal_dac_ex.o
HAL_DAC_Start                                     build/stm32f3xx_hal_dac_ex.o
HAL_DAC_Start_DMA                                 build/stm32f3xx_hal_dac_ex.o
HAL_DAC_Stop                                      build/stm32f3xx_hal_dac.o
HAL_DAC_Stop_DMA                                  build/stm32f3xx_hal_dac.o
HAL_DBGMCU_DisableDBGSleepMode                    build/stm32f3xx_hal.o
HAL_DBGMCU_DisableDBGStandbyMode                  build/stm32f3xx_hal.o
HAL_DBGMCU_DisableDBGStopMode                     build/stm32f3xx_hal.o
HAL_DBGMCU_EnableDBGSleepMode                     build/stm32f3xx_hal.o
HAL_DBGMCU_EnableDBGStandbyMode                   build/stm32f3xx_hal.o
HAL_DBGMCU_EnableDBGStopMode                      build/stm32f3xx_hal.o
HAL_DMA_Abort                                     build/stm32f3xx_hal_dma.o
                                                  build/stm32f3xx_hal_dac.o
                                                  build/stm32f3xx_hal_hrtim.o
                                                  build/stm32f3xx_hal_adc_ex.o
                                                  build/stm32f3xx_hal_uart.o
                                                  build/stm32f3xx_hal_tim.o
HAL_DMA_Abort_IT                                  build/stm32f3xx_hal_dma.o
                                                  build/stm32f3xx_hal_uart.o
                                                  build/stm32f3xx_hal_i2c.o
HAL_DMA_DeInit                                    build/stm32f3xx_hal_dma.o
                                                  build/stm32f3xx_hal_msp.o
HAL_DMA_GetError                                  build/stm32f3xx_hal_dma.o
HAL_DMA_GetState                                  build/stm32f3xx_hal_dma.o
HAL_DMA_IRQHandler                                build/stm32f3xx_hal_dma.o
                                                  build/stm32f3xx_it.o
HAL_DMA_Init                                      build/stm32f3xx_hal_dma.o
                                                  build/stm32f3xx_hal_msp.o
HAL_DMA_PollForTransfer                           build/stm32f3xx_hal_dma.o
HAL_DMA_RegisterCallback                          build/stm32f3xx_hal_dma.o
HAL_DMA_Start                                     build/stm32f3xx_hal_dma.o
HAL_DMA_Start_IT                                  build/stm32f3xx_hal_dma.o
                                                  build/stm32f3xx_hal_hrtim.o
                                                  build/stm32f3xx_hal_tim_ex.o
                                                  build/stm32f3xx_hal_dac_ex.o
                                                  build/stm32f3xx_hal_adc_ex.o
                                                  build/stm32f3xx_hal_uart.o
                                                  build/stm32f3xx_hal_tim.o
                                                  build/stm32f3xx_hal_i2c.o
HAL_DMA_UnRegisterCallback                        build/stm32f3xx_hal_dma.o
HAL_DeInit                                        build/stm32f3xx_hal.o
HAL_Delay                                         build/stm32f3xx_hal.o
HAL_FLASHEx_Erase                                 build/stm32f3xx_hal_flash_ex.o
HAL_FLASHEx_Erase_IT                              build/stm32f3xx_hal_flash_ex.o
HAL_FLASHEx_OBErase                               build/stm32f3xx_hal_flash_ex.o
HAL_FLASHEx_OBGetConfig                           build/stm32f3xx_hal_flash_ex.o
HAL_FLASHEx_OBGetUserData                         build/stm32f3xx_hal_flash_ex.o
HAL_FLASHEx_OBProgram                             build/stm32f3xx_hal_flash_ex.o
HAL_FLASH_EndOfOperationCallback                  build/stm32f3xx_hal_flash.o
HAL_FLASH_GetError                                build/stm32f3xx_hal_flash.o
HAL_FLASH_IRQHandler                              build/stm32f3xx_hal_flash.o
HAL_FLASH_Lock                                    build/stm32f3xx_hal_flash.o
HAL_FLASH_OB_Launch                               build/stm32f3xx_hal_flash.o
HAL_FLASH_OB_Lock                                 build/stm32f3xx_hal_flash.o
HAL_FLASH_OB_Unlock                               build/stm32f3xx_hal_flash.o
HAL_FLASH_OperationErrorCallback                  build/stm32f3xx_hal_flash.o
HAL_FLASH_Program                                 build/stm32f3xx_hal_flash.o
HAL_FLASH_Program_IT                              build/stm32f3xx_hal_flash.o
HAL_FLASH_Unlock                                  build/stm32f3xx_hal_flash.o
HAL_GPIO_DeInit                                   build/stm32f3xx_hal_gpio.o
                                                  build/stm32f3xx_hal_msp.o
HAL_GPIO_EXTI_Callback                            build/stm32f3xx_hal_gpio.o
HAL_GPIO_EXTI_IRQHandler                          build/stm32f3xx_hal_gpio.o
HAL_GPIO_Init                                     build/stm32f3xx_hal_gpio.o
                                                  build/stm32f3xx_hal_msp.o
                                                  build/main.o
                                                  build/stm32f3xx_hal_rcc.o
HAL_GPIO_LockPin                                  build/stm32f3xx_hal_gpio.o
HAL_GPIO_ReadPin                                  build/stm32f3xx_hal_gpio.o
HAL_GPIO_TogglePin                                build/stm32f3xx_hal_gpio.o
                                                  build/main.o
HAL_GPIO_WritePin                                 build/stm32f3xx_hal_gpio.o
                                                  build/main.o
HAL_GetDEVID                                      build/stm32f3xx_hal.o
HAL_GetHalVersion                                 build/stm32f3xx_hal.o
HAL_GetREVID                                      build/stm32f3xx_hal.o
HAL_GetTick                                       build/stm32f3xx_hal.o
                                                  build/stm32f3xx_hal_hrtim.o
                                                  build/stm32f3xx_hal_rcc_ex.o
                                                  build/stm32f3xx_hal_rcc.o
                                                  build/stm32f3xx_hal_dma.o
                                                  build/stm32f3xx_hal_adc_ex.o
                                                  build/stm32f3xx_hal_uart.o
                                                  build/stm32f3xx_hal_uart_ex.o
                                                  build/stm32f3xx_hal_flash.o
                                                  build/stm32f3xx_hal_i2c.o